Archive member included to satisfy reference by file (symbol)

d:/tools/stm32cubeide_1.4.0/stm32cubeide/plugins/com.st.stm32cube.ide.mcu.externaltools.gnu-tools-for-stm32.7-2018-q2-update.win32_1.4.0.202007081208/tools/bin/../lib/gcc/arm-none-eabi/7.3.1/../../../../arm-none-eabi/lib/thumb/v6-m\libc_nano.a(lib_a-errno.o)
                              Core/Src/syscalls.o (__errno)
d:/tools/stm32cubeide_1.4.0/stm32cubeide/plugins/com.st.stm32cube.ide.mcu.externaltools.gnu-tools-for-stm32.7-2018-q2-update.win32_1.4.0.202007081208/tools/bin/../lib/gcc/arm-none-eabi/7.3.1/../../../../arm-none-eabi/lib/thumb/v6-m\libc_nano.a(lib_a-exit.o)
                              d:/tools/stm32cubeide_1.4.0/stm32cubeide/plugins/com.st.stm32cube.ide.mcu.externaltools.gnu-tools-for-stm32.7-2018-q2-update.win32_1.4.0.202007081208/tools/bin/../lib/gcc/arm-none-eabi/7.3.1/../../../../arm-none-eabi/lib/thumb/v6-m/crt0.o (exit)
d:/tools/stm32cubeide_1.4.0/stm32cubeide/plugins/com.st.stm32cube.ide.mcu.externaltools.gnu-tools-for-stm32.7-2018-q2-update.win32_1.4.0.202007081208/tools/bin/../lib/gcc/arm-none-eabi/7.3.1/../../../../arm-none-eabi/lib/thumb/v6-m\libc_nano.a(lib_a-impure.o)
                              d:/tools/stm32cubeide_1.4.0/stm32cubeide/plugins/com.st.stm32cube.ide.mcu.externaltools.gnu-tools-for-stm32.7-2018-q2-update.win32_1.4.0.202007081208/tools/bin/../lib/gcc/arm-none-eabi/7.3.1/../../../../arm-none-eabi/lib/thumb/v6-m\libc_nano.a(lib_a-exit.o) (_global_impure_ptr)
d:/tools/stm32cubeide_1.4.0/stm32cubeide/plugins/com.st.stm32cube.ide.mcu.externaltools.gnu-tools-for-stm32.7-2018-q2-update.win32_1.4.0.202007081208/tools/bin/../lib/gcc/arm-none-eabi/7.3.1/../../../../arm-none-eabi/lib/thumb/v6-m\libc_nano.a(lib_a-init.o)
                              d:/tools/stm32cubeide_1.4.0/stm32cubeide/plugins/com.st.stm32cube.ide.mcu.externaltools.gnu-tools-for-stm32.7-2018-q2-update.win32_1.4.0.202007081208/tools/bin/../lib/gcc/arm-none-eabi/7.3.1/../../../../arm-none-eabi/lib/thumb/v6-m/crt0.o (__libc_init_array)
d:/tools/stm32cubeide_1.4.0/stm32cubeide/plugins/com.st.stm32cube.ide.mcu.externaltools.gnu-tools-for-stm32.7-2018-q2-update.win32_1.4.0.202007081208/tools/bin/../lib/gcc/arm-none-eabi/7.3.1/../../../../arm-none-eabi/lib/thumb/v6-m\libc_nano.a(lib_a-memset.o)
                              d:/tools/stm32cubeide_1.4.0/stm32cubeide/plugins/com.st.stm32cube.ide.mcu.externaltools.gnu-tools-for-stm32.7-2018-q2-update.win32_1.4.0.202007081208/tools/bin/../lib/gcc/arm-none-eabi/7.3.1/../../../../arm-none-eabi/lib/thumb/v6-m/crt0.o (memset)
d:/tools/stm32cubeide_1.4.0/stm32cubeide/plugins/com.st.stm32cube.ide.mcu.externaltools.gnu-tools-for-stm32.7-2018-q2-update.win32_1.4.0.202007081208/tools/bin/../lib/gcc/arm-none-eabi/7.3.1/thumb/v6-m\libgcc.a(_udivsi3.o)
                              Core/Src/crankshaft.o (__aeabi_uidiv)
d:/tools/stm32cubeide_1.4.0/stm32cubeide/plugins/com.st.stm32cube.ide.mcu.externaltools.gnu-tools-for-stm32.7-2018-q2-update.win32_1.4.0.202007081208/tools/bin/../lib/gcc/arm-none-eabi/7.3.1/thumb/v6-m\libgcc.a(_divsi3.o)
                              Core/Src/crankshaft.o (__aeabi_idiv)
d:/tools/stm32cubeide_1.4.0/stm32cubeide/plugins/com.st.stm32cube.ide.mcu.externaltools.gnu-tools-for-stm32.7-2018-q2-update.win32_1.4.0.202007081208/tools/bin/../lib/gcc/arm-none-eabi/7.3.1/thumb/v6-m\libgcc.a(_dvmd_tls.o)
                              d:/tools/stm32cubeide_1.4.0/stm32cubeide/plugins/com.st.stm32cube.ide.mcu.externaltools.gnu-tools-for-stm32.7-2018-q2-update.win32_1.4.0.202007081208/tools/bin/../lib/gcc/arm-none-eabi/7.3.1/thumb/v6-m\libgcc.a(_udivsi3.o) (__aeabi_idiv0)
d:/tools/stm32cubeide_1.4.0/stm32cubeide/plugins/com.st.stm32cube.ide.mcu.externaltools.gnu-tools-for-stm32.7-2018-q2-update.win32_1.4.0.202007081208/tools/bin/../lib/gcc/arm-none-eabi/7.3.1/thumb/v6-m\libgcc.a(_arm_cmpdf2.o)
                              Core/Src/crankshaft.o (__aeabi_dcmpge)
d:/tools/stm32cubeide_1.4.0/stm32cubeide/plugins/com.st.stm32cube.ide.mcu.externaltools.gnu-tools-for-stm32.7-2018-q2-update.win32_1.4.0.202007081208/tools/bin/../lib/gcc/arm-none-eabi/7.3.1/thumb/v6-m\libgcc.a(_arm_cmpsf2.o)
                              Core/Src/main.o (__aeabi_fcmpge)
d:/tools/stm32cubeide_1.4.0/stm32cubeide/plugins/com.st.stm32cube.ide.mcu.externaltools.gnu-tools-for-stm32.7-2018-q2-update.win32_1.4.0.202007081208/tools/bin/../lib/gcc/arm-none-eabi/7.3.1/thumb/v6-m\libgcc.a(_fixunssfsi.o)
                              Core/Src/ignition.o (__aeabi_f2uiz)
d:/tools/stm32cubeide_1.4.0/stm32cubeide/plugins/com.st.stm32cube.ide.mcu.externaltools.gnu-tools-for-stm32.7-2018-q2-update.win32_1.4.0.202007081208/tools/bin/../lib/gcc/arm-none-eabi/7.3.1/thumb/v6-m\libgcc.a(divsf3.o)
                              Core/Src/ignition.o (__aeabi_fdiv)
[...]
Memory Configuration

Name             Origin             Length             Attributes
RAM              0x0000000020000000 0x0000000000002000 xrw
FLASH            0x0000000008000000 0x0000000000010000 xr
*default*        0x0000000000000000 0xffffffffffffffff

Linker script and memory map

LOAD d:/tools/stm32cubeide_1.4.0/stm32cubeide/plugins/com.st.stm32cube.ide.mcu.externaltools.gnu-tools-for-stm32.7-2018-q2-update.win32_1.4.0.202007081208/tools/bin/../lib/gcc/arm-none-eabi/7.3.1/thumb/v6-m/crti.o
LOAD d:/tools/stm32cubeide_1.4.0/stm32cubeide/plugins/com.st.stm32cube.ide.mcu.externaltools.gnu-tools-for-stm32.7-2018-q2-update.win32_1.4.0.202007081208/tools/bin/../lib/gcc/arm-none-eabi/7.3.1/thumb/v6-m/crtbegin.o
LOAD d:/tools/stm32cubeide_1.4.0/stm32cubeide/plugins/com.st.stm32cube.ide.mcu.externaltools.gnu-tools-for-stm32.7-2018-q2-update.win32_1.4.0.202007081208/tools/bin/../lib/gcc/arm-none-eabi/7.3.1/../../../../arm-none-eabi/lib/thumb/v6-m/crt0.o
LOAD Core/Src/crankshaft.o
LOAD Core/Src/ignition.o
LOAD Core/Src/main.o
LOAD Core/Src/stm32l0xx_hal_msp.o
LOAD Core/Src/stm32l0xx_it.o
LOAD Core/Src/syscalls.o
LOAD Core/Src/sysmem.o
LOAD Core/Src/system_stm32l0xx.o
LOAD Core/Startup/startup_stm32l053r8tx.o
LOAD Drivers/STM32L0xx_HAL_Driver/Src/stm32l0xx_hal.o
LOAD Drivers/STM32L0xx_HAL_Driver/Src/stm32l0xx_hal_cortex.o
LOAD Drivers/STM32L0xx_HAL_Driver/Src/stm32l0xx_hal_dma.o
LOAD Drivers/STM32L0xx_HAL_Driver/Src/stm32l0xx_hal_flash.o
LOAD Drivers/STM32L0xx_HAL_Driver/Src/stm32l0xx_hal_flash_ex.o
LOAD Drivers/STM32L0xx_HAL_Driver/Src/stm32l0xx_hal_flash_ramfunc.o
LOAD Drivers/STM32L0xx_HAL_Driver/Src/stm32l0xx_hal_gpio.o
LOAD Drivers/STM32L0xx_HAL_Driver/Src/stm32l0xx_hal_i2c.o
LOAD Drivers/STM32L0xx_HAL_Driver/Src/stm32l0xx_hal_i2c_ex.o
LOAD Drivers/STM32L0xx_HAL_Driver/Src/stm32l0xx_hal_pwr.o
LOAD Drivers/STM32L0xx_HAL_Driver/Src/stm32l0xx_hal_pwr_ex.o
LOAD Drivers/STM32L0xx_HAL_Driver/Src/stm32l0xx_hal_rcc.o
LOAD Drivers/STM32L0xx_HAL_Driver/Src/stm32l0xx_hal_rcc_ex.o
LOAD Drivers/STM32L0xx_HAL_Driver/Src/stm32l0xx_hal_tim.o
LOAD Drivers/STM32L0xx_HAL_Driver/Src/stm32l0xx_hal_tim_ex.o
START GROUP
LOAD d:/tools/stm32cubeide_1.4.0/stm32cubeide/plugins/com.st.stm32cube.ide.mcu.externaltools.gnu-tools-for-stm32.7-2018-q2-update.win32_1.4.0.202007081208/tools/bin/../lib/gcc/arm-none-eabi/7.3.1/../../../../arm-none-eabi/lib/thumb/v6-m\libstdc++_nano.a
LOAD d:/tools/stm32cubeide_1.4.0/stm32cubeide/plugins/com.st.stm32cube.ide.mcu.externaltools.gnu-tools-for-stm32.7-2018-q2-update.win32_1.4.0.202007081208/tools/bin/../lib/gcc/arm-none-eabi/7.3.1/../../../../arm-none-eabi/lib/thumb/v6-m\libsupc++_nano.a
END GROUP
LOAD d:/tools/stm32cubeide_1.4.0/stm32cubeide/plugins/com.st.stm32cube.ide.mcu.externaltools.gnu-tools-for-stm32.7-2018-q2-update.win32_1.4.0.202007081208/tools/bin/../lib/gcc/arm-none-eabi/7.3.1/../../../../arm-none-eabi/lib/thumb/v6-m\libstdc++_nano.a
LOAD d:/tools/stm32cubeide_1.4.0/stm32cubeide/plugins/com.st.stm32cube.ide.mcu.externaltools.gnu-tools-for-stm32.7-2018-q2-update.win32_1.4.0.202007081208/tools/bin/../lib/gcc/arm-none-eabi/7.3.1/../../../../arm-none-eabi/lib/thumb/v6-m\libm.a
LOAD d:/tools/stm32cubeide_1.4.0/stm32cubeide/plugins/com.st.stm32cube.ide.mcu.externaltools.gnu-tools-for-stm32.7-2018-q2-update.win32_1.4.0.202007081208/tools/bin/../lib/gcc/arm-none-eabi/7.3.1/../../../../arm-none-eabi/lib/thumb/v6-m\libc_nano.a
START GROUP
LOAD d:/tools/stm32cubeide_1.4.0/stm32cubeide/plugins/com.st.stm32cube.ide.mcu.externaltools.gnu-tools-for-stm32.7-2018-q2-update.win32_1.4.0.202007081208/tools/bin/../lib/gcc/arm-none-eabi/7.3.1/thumb/v6-m\libgcc.a
LOAD d:/tools/stm32cubeide_1.4.0/stm32cubeide/plugins/com.st.stm32cube.ide.mcu.externaltools.gnu-tools-for-stm32.7-2018-q2-update.win32_1.4.0.202007081208/tools/bin/../lib/gcc/arm-none-eabi/7.3.1/../../../../arm-none-eabi/lib/thumb/v6-m\libc_nano.a
END GROUP
START GROUP
LOAD d:/tools/stm32cubeide_1.4.0/stm32cubeide/plugins/com.st.stm32cube.ide.mcu.externaltools.gnu-tools-for-stm32.7-2018-q2-update.win32_1.4.0.202007081208/tools/bin/../lib/gcc/arm-none-eabi/7.3.1/thumb/v6-m\libgcc.a
LOAD d:/tools/stm32cubeide_1.4.0/stm32cubeide/plugins/com.st.stm32cube.ide.mcu.externaltools.gnu-tools-for-stm32.7-2018-q2-update.win32_1.4.0.202007081208/tools/bin/../lib/gcc/arm-none-eabi/7.3.1/../../../../arm-none-eabi/lib/thumb/v6-m\libc_nano.a
LOAD d:/tools/stm32cubeide_1.4.0/stm32cubeide/plugins/com.st.stm32cube.ide.mcu.externaltools.gnu-tools-for-stm32.7-2018-q2-update.win32_1.4.0.202007081208/tools/bin/../lib/gcc/arm-none-eabi/7.3.1/../../../../arm-none-eabi/lib/thumb/v6-m\libnosys.a
END GROUP
START GROUP
LOAD d:/tools/stm32cubeide_1.4.0/stm32cubeide/plugins/com.st.stm32cube.ide.mcu.externaltools.gnu-tools-for-stm32.7-2018-q2-update.win32_1.4.0.202007081208/tools/bin/../lib/gcc/arm-none-eabi/7.3.1/thumb/v6-m\libgcc.a
LOAD d:/tools/stm32cubeide_1.4.0/stm32cubeide/plugins/com.st.stm32cube.ide.mcu.externaltools.gnu-tools-for-stm32.7-2018-q2-update.win32_1.4.0.202007081208/tools/bin/../lib/gcc/arm-none-eabi/7.3.1/../../../../arm-none-eabi/lib/thumb/v6-m\libc_nano.a
LOAD d:/tools/stm32cubeide_1.4.0/stm32cubeide/plugins/com.st.stm32cube.ide.mcu.externaltools.gnu-tools-for-stm32.7-2018-q2-update.win32_1.4.0.202007081208/tools/bin/../lib/gcc/arm-none-eabi/7.3.1/../../../../arm-none-eabi/lib/thumb/v6-m\libnosys.a
END GROUP
LOAD d:/tools/stm32cubeide_1.4.0/stm32cubeide/plugins/com.st.stm32cube.ide.mcu.externaltools.gnu-tools-for-stm32.7-2018-q2-update.win32_1.4.0.202007081208/tools/bin/../lib/gcc/arm-none-eabi/7.3.1/thumb/v6-m/crtend.o
LOAD d:/tools/stm32cubeide_1.4.0/stm32cubeide/plugins/com.st.stm32cube.ide.mcu.externaltools.gnu-tools-for-stm32.7-2018-q2-update.win32_1.4.0.202007081208/tools/bin/../lib/gcc/arm-none-eabi/7.3.1/thumb/v6-m/crtn.o
                0x0000000020002000                _estack = (ORIGIN (RAM) + LENGTH (RAM))
                0x0000000000000200                _Min_Heap_Size = 0x200
                0x0000000000000400                _Min_Stack_Size = 0x400

.isr_vector     0x0000000008000000       0xc0
                0x0000000008000000                . = ALIGN (0x4)
 *(.isr_vector)
 .isr_vector    0x0000000008000000       0xc0 Core/Startup/startup_stm32l053r8tx.o
                0x0000000008000000                g_pfnVectors
                0x00000000080000c0                . = ALIGN (0x4)

.text           0x00000000080000c0     0x53d4
                0x00000000080000c0                . = ALIGN (0x4)
 *(.text)
 .text          0x00000000080000c0       0x48 d:/tools/stm32cubeide_1.4.0/stm32cubeide/plugins/com.st.stm32cube.ide.mcu.externaltools.gnu-tools-for-stm32.7-2018-q2-update.win32_1.4.0.202007081208/tools/bin/../lib/gcc/arm-none-eabi/7.3.1/thumb/v6-m/crtbegin.o
 .text          0x0000000008000108      0x114 d:/tools/stm32cubeide_1.4.0/stm32cubeide/plugins/com.st.stm32cube.ide.mcu.externaltools.gnu-tools-for-stm32.7-2018-q2-update.win32_1.4.0.202007081208/tools/bin/../lib/gcc/arm-none-eabi/7.3.1/thumb/v6-m\libgcc.a(_udivsi3.o)
                0x0000000008000108                __aeabi_uidiv
                0x0000000008000108                __udivsi3
                0x0000000008000214                __aeabi_uidivmod
 .text          0x000000000800021c      0x1d4 d:/tools/stm32cubeide_1.4.0/stm32cubeide/plugins/com.st.stm32cube.ide.mcu.externaltools.gnu-tools-for-stm32.7-2018-q2-update.win32_1.4.0.202007081208/tools/bin/../lib/gcc/arm-none-eabi/7.3.1/thumb/v6-m\libgcc.a(_divsi3.o)
                0x000000000800021c                __divsi3
                0x000000000800021c                __aeabi_idiv
                0x00000000080003e8                __aeabi_idivmod
 .text          0x00000000080003f0        0x4 d:/tools/stm32cubeide_1.4.0/stm32cubeide/plugins/com.st.stm32cube.ide.mcu.externaltools.gnu-tools-for-stm32.7-2018-q2-update.win32_1.4.0.202007081208/tools/bin/../lib/gcc/arm-none-eabi/7.3.1/thumb/v6-m\libgcc.a(_dvmd_tls.o)
                0x00000000080003f0                __aeabi_idiv0
                0x00000000080003f0                __aeabi_ldiv0
 .text          0x00000000080003f4       0x7c d:/tools/stm32cubeide_1.4.0/stm32cubeide/plugins/com.st.stm32cube.ide.mcu.externaltools.gnu-tools-for-stm32.7-2018-q2-update.win32_1.4.0.202007081208/tools/bin/../lib/gcc/arm-none-eabi/7.3.1/thumb/v6-m\libgcc.a(_arm_cmpdf2.o)
                0x00000000080003f4                __aeabi_cdrcmple
                0x0000000008000404                __aeabi_cdcmple
                0x0000000008000404                __aeabi_cdcmpeq
                0x0000000008000414                __aeabi_dcmpeq
                0x0000000008000420                __aeabi_dcmplt
                0x0000000008000434                __aeabi_dcmple
                0x0000000008000448                __aeabi_dcmpgt
                0x000000000800045c                __aeabi_dcmpge
 .text          0x0000000008000470       0x74 d:/tools/stm32cubeide_1.4.0/stm32cubeide/plugins/com.st.stm32cube.ide.mcu.externaltools.gnu-tools-for-stm32.7-2018-q2-update.win32_1.4.0.202007081208/tools/bin/../lib/gcc/arm-none-eabi/7.3.1/thumb/v6-m\libgcc.a(_arm_cmpsf2.o)
                0x0000000008000470                __aeabi_cfrcmple
                0x0000000008000478                __aeabi_cfcmpeq
                0x0000000008000478                __aeabi_cfcmple
                0x0000000008000488                __aeabi_fcmpeq
                0x0000000008000494                __aeabi_fcmplt
                0x00000000080004a8                __aeabi_fcmple
                0x00000000080004bc                __aeabi_fcmpgt
                0x00000000080004d0                __aeabi_fcmpge
 .text          0x00000000080004e4       0x30 d:/tools/stm32cubeide_1.4.0/stm32cubeide/plugins/com.st.stm32cube.ide.mcu.externaltools.gnu-tools-for-stm32.7-2018-q2-update.win32_1.4.0.202007081208/tools/bin/../lib/gcc/arm-none-eabi/7.3.1/thumb/v6-m\libgcc.a(_fixunssfsi.o)
                0x00000000080004e4                __fixunssfsi
                0x00000000080004e4                __aeabi_f2uiz
 .text          0x0000000008000514      0x224 d:/tools/stm32cubeide_1.4.0/stm32cubeide/plugins/com.st.stm32cube.ide.mcu.externaltools.gnu-tools-for-stm32.7-2018-q2-update.win32_1.4.0.202007081208/tools/bin/../lib/gcc/arm-none-eabi/7.3.1/thumb/v6-m\libgcc.a(divsf3.o)
                0x0000000008000514                __aeabi_fdiv
 .text          0x0000000008000738       0x50 d:/tools/stm32cubeide_1.4.0/stm32cubeide/plugins/com.st.stm32cube.ide.mcu.externaltools.gnu-tools-for-stm32.7-2018-q2-update.win32_1.4.0.202007081208/tools/bin/../lib/gcc/arm-none-eabi/7.3.1/thumb/v6-m\libgcc.a(eqsf2.o)
                0x0000000008000738                __eqsf2
                0x0000000008000738                __nesf2
 .text          0x0000000008000788       0x9c d:/tools/stm32cubeide_1.4.0/stm32cubeide/plugins/com.st.stm32cube.ide.mcu.externaltools.gnu-tools-for-stm32.7-2018-q2-update.win32_1.4.0.202007081208/tools/bin/../lib/gcc/arm-none-eabi/7.3.1/thumb/v6-m\libgcc.a(gesf2.o)
                0x0000000008000788                __gesf2
                0x0000000008000788                __gtsf2
 .text          0x0000000008000824       0xa0 d:/tools/stm32cubeide_1.4.0/stm32cubeide/plugins/com.st.stm32cube.ide.mcu.externaltools.gnu-tools-for-stm32.7-2018-q2-update.win32_1.4.0.202007081208/tools/bin/../lib/gcc/arm-none-eabi/7.3.1/thumb/v6-m\libgcc.a(lesf2.o)
                0x0000000008000824                __ltsf2
                0x0000000008000824                __lesf2
 .text          0x00000000080008c4      0x264 d:/tools/stm32cubeide_1.4.0/stm32cubeide/plugins/com.st.stm32cube.ide.mcu.externaltools.gnu-tools-for-stm32.7-2018-q2-update.win32_1.4.0.202007081208/tools/bin/../lib/gcc/arm-none-eabi/7.3.1/thumb/v6-m\libgcc.a(mulsf3.o)
                0x00000000080008c4                __aeabi_fmul
 .text          0x0000000008000b28      0x388 d:/tools/stm32cubeide_1.4.0/stm32cubeide/plugins/com.st.stm32cube.ide.mcu.externaltools.gnu-tools-for-stm32.7-2018-q2-update.win32_1.4.0.202007081208/tools/bin/../lib/gcc/arm-none-eabi/7.3.1/thumb/v6-m\libgcc.a(subsf3.o)
                0x0000000008000b28                __aeabi_fsub
 .text          0x0000000008000eb0       0x40 d:/tools/stm32cubeide_1.4.0/stm32cubeide/plugins/com.st.stm32cube.ide.mcu.externaltools.gnu-tools-for-stm32.7-2018-q2-update.win32_1.4.0.202007081208/tools/bin/../lib/gcc/arm-none-eabi/7.3.1/thumb/v6-m\libgcc.a(fixsfsi.o)
                0x0000000008000eb0                __aeabi_f2iz
 .text          0x0000000008000ef0       0x94 d:/tools/stm32cubeide_1.4.0/stm32cubeide/plugins/com.st.stm32cube.ide.mcu.externaltools.gnu-tools-for-stm32.7-2018-q2-update.win32_1.4.0.202007081208/tools/bin/../lib/gcc/arm-none-eabi/7.3.1/thumb/v6-m\libgcc.a(floatsisf.o)
                0x0000000008000ef0                __aeabi_i2f
 .text          0x0000000008000f84       0x80 d:/tools/stm32cubeide_1.4.0/stm32cubeide/plugins/com.st.stm32cube.ide.mcu.externaltools.gnu-tools-for-stm32.7-2018-q2-update.win32_1.4.0.202007081208/tools/bin/../lib/gcc/arm-none-eabi/7.3.1/thumb/v6-m\libgcc.a(floatunsisf.o)
                0x0000000008000f84                __aeabi_ui2f
 .text          0x0000000008001004      0x638 d:/tools/stm32cubeide_1.4.0/stm32cubeide/plugins/com.st.stm32cube.ide.mcu.externaltools.gnu-tools-for-stm32.7-2018-q2-update.win32_1.4.0.202007081208/tools/bin/../lib/gcc/arm-none-eabi/7.3.1/thumb/v6-m\libgcc.a(adddf3.o)
                0x0000000008001004                __aeabi_dadd
 .text          0x000000000800163c       0x78 d:/tools/stm32cubeide_1.4.0/stm32cubeide/plugins/com.st.stm32cube.ide.mcu.externaltools.gnu-tools-for-stm32.7-2018-q2-update.win32_1.4.0.202007081208/tools/bin/../lib/gcc/arm-none-eabi/7.3.1/thumb/v6-m\libgcc.a(eqdf2.o)
                0x000000000800163c                __nedf2
                0x000000000800163c                __eqdf2
 .text          0x00000000080016b4       0xc8 d:/tools/stm32cubeide_1.4.0/stm32cubeide/plugins/com.st.stm32cube.ide.mcu.externaltools.gnu-tools-for-stm32.7-2018-q2-update.win32_1.4.0.202007081208/tools/bin/../lib/gcc/arm-none-eabi/7.3.1/thumb/v6-m\libgcc.a(gedf2.o)
                0x00000000080016b4                __gedf2
                0x00000000080016b4                __gtdf2
 .text          0x000000000800177c       0xd0 d:/tools/stm32cubeide_1.4.0/stm32cubeide/plugins/com.st.stm32cube.ide.mcu.externaltools.gnu-tools-for-stm32.7-2018-q2-update.win32_1.4.0.202007081208/tools/bin/../lib/gcc/arm-none-eabi/7.3.1/thumb/v6-m\libgcc.a(ledf2.o)
                0x000000000800177c                __ledf2
                0x000000000800177c                __ltdf2
 .text          0x000000000800184c      0x4e4 d:/tools/stm32cubeide_1.4.0/stm32cubeide/plugins/com.st.stm32cube.ide.mcu.externaltools.gnu-tools-for-stm32.7-2018-q2-update.win32_1.4.0.202007081208/tools/bin/../lib/gcc/arm-none-eabi/7.3.1/thumb/v6-m\libgcc.a(muldf3.o)
                0x000000000800184c                __aeabi_dmul
 .text          0x0000000008001d30       0x6c d:/tools/stm32cubeide_1.4.0/stm32cubeide/plugins/com.st.stm32cube.ide.mcu.externaltools.gnu-tools-for-stm32.7-2018-q2-update.win32_1.4.0.202007081208/tools/bin/../lib/gcc/arm-none-eabi/7.3.1/thumb/v6-m\libgcc.a(fixdfsi.o)
                0x0000000008001d30                __aeabi_d2iz
 .text          0x0000000008001d9c       0x74 d:/tools/stm32cubeide_1.4.0/stm32cubeide/plugins/com.st.stm32cube.ide.mcu.externaltools.gnu-tools-for-stm32.7-2018-q2-update.win32_1.4.0.202007081208/tools/bin/../lib/gcc/arm-none-eabi/7.3.1/thumb/v6-m\libgcc.a(floatsidf.o)
                0x0000000008001d9c                __aeabi_i2d
 .text          0x0000000008001e10       0x64 d:/tools/stm32cubeide_1.4.0/stm32cubeide/plugins/com.st.stm32cube.ide.mcu.externaltools.gnu-tools-for-stm32.7-2018-q2-update.win32_1.4.0.202007081208/tools/bin/../lib/gcc/arm-none-eabi/7.3.1/thumb/v6-m\libgcc.a(floatunsidf.o)
                0x0000000008001e10                __aeabi_ui2d
 .text          0x0000000008001e74       0xa4 d:/tools/stm32cubeide_1.4.0/stm32cubeide/plugins/com.st.stm32cube.ide.mcu.externaltools.gnu-tools-for-stm32.7-2018-q2-update.win32_1.4.0.202007081208/tools/bin/../lib/gcc/arm-none-eabi/7.3.1/thumb/v6-m\libgcc.a(extendsfdf2.o)
                0x0000000008001e74                __aeabi_f2d
 .text          0x0000000008001f18      0x108 d:/tools/stm32cubeide_1.4.0/stm32cubeide/plugins/com.st.stm32cube.ide.mcu.externaltools.gnu-tools-for-stm32.7-2018-q2-update.win32_1.4.0.202007081208/tools/bin/../lib/gcc/arm-none-eabi/7.3.1/thumb/v6-m\libgcc.a(truncdfsf2.o)
                0x0000000008001f18                __aeabi_d2f
 .text          0x0000000008002020       0x3c d:/tools/stm32cubeide_1.4.0/stm32cubeide/plugins/com.st.stm32cube.ide.mcu.externaltools.gnu-tools-for-stm32.7-2018-q2-update.win32_1.4.0.202007081208/tools/bin/../lib/gcc/arm-none-eabi/7.3.1/thumb/v6-m\libgcc.a(_clzsi2.o)
                0x0000000008002020                __clzsi2
 *(.text*)
 .text.Crank_Init
                0x000000000800205c       0x28 Core/Src/crankshaft.o
                0x000000000800205c                Crank_Init
 .text.Crank_HalGeberDriver
                0x0000000008002084      0x1a8 Core/Src/crankshaft.o
                0x0000000008002084                Crank_HalGeberDriver
 .text.Crank_TeethCounterReset
                0x000000000800222c       0x14 Core/Src/crankshaft.o
                0x000000000800222c                Crank_TeethCounterReset
 .text.Crank_TeethCounter
                0x0000000008002240       0x30 Core/Src/crankshaft.o
                0x0000000008002240                Crank_TeethCounter
 .text.Crank_AngleCalc
                0x0000000008002270       0x50 Core/Src/crankshaft.o
                0x0000000008002270                Crank_AngleCalc
 .text.Crank_CamPositionSync
                0x00000000080022c0       0x30 Core/Src/crankshaft.o
                0x00000000080022c0                Crank_CamPositionSync
 .text.Ignition_DefineIgnitionTeeth
                0x00000000080022f0       0x44 Core/Src/ignition.o
                0x00000000080022f0                Ignition_DefineIgnitionTeeth
 .text.Ignition_SetIgnitionTiming
                0x0000000008002334      0x114 Core/Src/ignition.o
                0x0000000008002334                Ignition_SetIgnitionTiming
 .text.Ignition_AngleToUs
                0x0000000008002448       0x70 Core/Src/ignition.o
                0x0000000008002448                Ignition_AngleToUs
 .text.Ignition_FireCylinder
                0x00000000080024b8       0xa0 Core/Src/ignition.o
                0x00000000080024b8                Ignition_FireCylinder
 .text.Ignition_DwellCylinder
                0x0000000008002558       0x6c Core/Src/ignition.o
                0x0000000008002558                Ignition_DwellCylinder
 .text.main     0x00000000080025c4       0x6c Core/Src/main.o
                0x00000000080025c4                main
 .text.SystemClock_Config
                0x0000000008002630       0xb8 Core/Src/main.o
                0x0000000008002630                SystemClock_Config
 .text.MX_NVIC_Init
                0x00000000080026e8       0x4a Core/Src/main.o
 *fill*         0x0000000008002732        0x2 
 .text.MX_TIM2_Init
                0x0000000008002734       0xf8 Core/Src/main.o
 .text.MX_TIM21_Init
                0x000000000800282c       0xf8 Core/Src/main.o
 .text.MX_TIM22_Init
                0x0000000008002924      0x124 Core/Src/main.o
 .text.MX_GPIO_Init
                0x0000000008002a48       0xcc Core/Src/main.o
 .text.OS_10msTask
                0x0000000008002b14       0xfc Core/Src/main.o
                0x0000000008002b14                OS_10msTask
 .text.HAL_TIM_PWM_PulseFinishedCallback
                0x0000000008002c10       0x80 Core/Src/main.o
                0x0000000008002c10                HAL_TIM_PWM_PulseFinishedCallback
 .text.HAL_GPIO_EXTI_Callback
                0x0000000008002c90       0x4c Core/Src/main.o
                0x0000000008002c90                HAL_GPIO_EXTI_Callback
 .text.HAL_TIM_PeriodElapsedCallback
                0x0000000008002cdc       0x24 Core/Src/main.o
                0x0000000008002cdc                HAL_TIM_PeriodElapsedCallback
 .text.HAL_TIM_IC_CaptureCallback
                0x0000000008002d00       0x98 Core/Src/main.o
                0x0000000008002d00                HAL_TIM_IC_CaptureCallback
 .text.Error_Handler
                0x0000000008002d98        0xa Core/Src/main.o
                0x0000000008002d98                Error_Handler
 *fill*         0x0000000008002da2        0x2 
 .text.HAL_MspInit
                0x0000000008002da4       0x28 Core/Src/stm32l0xx_hal_msp.o
                0x0000000008002da4                HAL_MspInit
 .text.HAL_TIM_Base_MspInit
                0x0000000008002dcc       0xbc Core/Src/stm32l0xx_hal_msp.o
                0x0000000008002dcc                HAL_TIM_Base_MspInit
 .text.HAL_TIM_MspPostInit
                0x0000000008002e88       0xc0 Core/Src/stm32l0xx_hal_msp.o
                0x0000000008002e88                HAL_TIM_MspPostInit
 .text.NMI_Handler
                0x0000000008002f48        0xa Core/Src/stm32l0xx_it.o
                0x0000000008002f48                NMI_Handler
 .text.HardFault_Handler
                0x0000000008002f52        0x6 Core/Src/stm32l0xx_it.o
                0x0000000008002f52                HardFault_Handler
 .text.SVC_Handler
                0x0000000008002f58        0xa Core/Src/stm32l0xx_it.o
                0x0000000008002f58                SVC_Handler
 .text.PendSV_Handler
                0x0000000008002f62        0xa Core/Src/stm32l0xx_it.o
                0x0000000008002f62                PendSV_Handler
 .text.SysTick_Handler
                0x0000000008002f6c        0xe Core/Src/stm32l0xx_it.o
                0x0000000008002f6c                SysTick_Handler
 .text.EXTI4_15_IRQHandler
                0x0000000008002f7a       0x14 Core/Src/stm32l0xx_it.o
                0x0000000008002f7a                EXTI4_15_IRQHandler
 *fill*         0x0000000008002f8e        0x2 
 .text.TIM2_IRQHandler
                0x0000000008002f90       0x18 Core/Src/stm32l0xx_it.o
                0x0000000008002f90                TIM2_IRQHandler
 .text.TIM21_IRQHandler
                0x0000000008002fa8       0x18 Core/Src/stm32l0xx_it.o
                0x0000000008002fa8                TIM21_IRQHandler
 .text.TIM22_IRQHandler
                0x0000000008002fc0       0x18 Core/Src/stm32l0xx_it.o
                0x0000000008002fc0                TIM22_IRQHandler
 .text.SystemInit
                0x0000000008002fd8       0x7c Core/Src/system_stm32l0xx.o
                0x0000000008002fd8                SystemInit
 .text.Reset_Handler
                0x0000000008003054       0x50 Core/Startup/startup_stm32l053r8tx.o
                0x0000000008003054                Reset_Handler
 .text.Default_Handler
                0x00000000080030a4        0x2 Core/Startup/startup_stm32l053r8tx.o
                0x00000000080030a4                TSC_IRQHandler
                0x00000000080030a4                ADC1_COMP_IRQHandler
                0x00000000080030a4                PVD_IRQHandler
                0x00000000080030a4                I2C1_IRQHandler
                0x00000000080030a4                RCC_CRS_IRQHandler
                0x00000000080030a4                SPI1_IRQHandler
                0x00000000080030a4                TIM6_DAC_IRQHandler
                0x00000000080030a4                EXTI2_3_IRQHandler
                0x00000000080030a4                I2C2_IRQHandler
                0x00000000080030a4                RTC_IRQHandler
                0x00000000080030a4                LCD_IRQHandler
                0x00000000080030a4                DMA1_Channel4_5_6_7_IRQHandler
                0x00000000080030a4                DMA1_Channel1_IRQHandler
                0x00000000080030a4                Default_Handler
                0x00000000080030a4                EXTI0_1_IRQHandler
                0x00000000080030a4                USB_IRQHandler
                0x00000000080030a4                SPI2_IRQHandler
                0x00000000080030a4                WWDG_IRQHandler
                0x00000000080030a4                DMA1_Channel2_3_IRQHandler
                0x00000000080030a4                USART2_IRQHandler
                0x00000000080030a4                FLASH_IRQHandler
                0x00000000080030a4                USART1_IRQHandler
                0x00000000080030a4                RNG_LPUART1_IRQHandler
                0x00000000080030a4                LPTIM1_IRQHandler
 *fill*         0x00000000080030a6        0x2 
 .text.HAL_Init
                0x00000000080030a8       0x40 Drivers/STM32L0xx_HAL_Driver/Src/stm32l0xx_hal.o
                0x00000000080030a8                HAL_Init
 .text.HAL_InitTick
                0x00000000080030e8       0x68 Drivers/STM32L0xx_HAL_Driver/Src/stm32l0xx_hal.o
                0x00000000080030e8                HAL_InitTick
 .text.HAL_IncTick
                0x0000000008003150       0x24 Drivers/STM32L0xx_HAL_Driver/Src/stm32l0xx_hal.o
                0x0000000008003150                HAL_IncTick
 .text.HAL_GetTick
                0x0000000008003174       0x14 Drivers/STM32L0xx_HAL_Driver/Src/stm32l0xx_hal.o
                0x0000000008003174                HAL_GetTick
 .text.HAL_Delay
                0x0000000008003188       0x44 Drivers/STM32L0xx_HAL_Driver/Src/stm32l0xx_hal.o
                0x0000000008003188                HAL_Delay
 .text.NVIC_EnableIRQ
                0x00000000080031cc       0x2c Drivers/STM32L0xx_HAL_Driver/Src/stm32l0xx_hal_cortex.o
 .text.NVIC_SetPriority
                0x00000000080031f8       0xdc Drivers/STM32L0xx_HAL_Driver/Src/stm32l0xx_hal_cortex.o
 .text.SysTick_Config
                0x00000000080032d4       0x48 Drivers/STM32L0xx_HAL_Driver/Src/stm32l0xx_hal_cortex.o
 .text.HAL_NVIC_SetPriority
                0x000000000800331c       0x2a Drivers/STM32L0xx_HAL_Driver/Src/stm32l0xx_hal_cortex.o
                0x000000000800331c                HAL_NVIC_SetPriority
 .text.HAL_NVIC_EnableIRQ
                0x0000000008003346       0x20 Drivers/STM32L0xx_HAL_Driver/Src/stm32l0xx_hal_cortex.o
                0x0000000008003346                HAL_NVIC_EnableIRQ
 .text.HAL_SYSTICK_Config
                0x0000000008003366       0x1a Drivers/STM32L0xx_HAL_Driver/Src/stm32l0xx_hal_cortex.o
                0x0000000008003366                HAL_SYSTICK_Config
 .text.HAL_GPIO_Init
                0x0000000008003380      0x2ec Drivers/STM32L0xx_HAL_Driver/Src/stm32l0xx_hal_gpio.o
                0x0000000008003380                HAL_GPIO_Init
 .text.HAL_GPIO_ReadPin
                0x000000000800366c       0x3a Drivers/STM32L0xx_HAL_Driver/Src/stm32l0xx_hal_gpio.o
                0x000000000800366c                HAL_GPIO_ReadPin
 .text.HAL_GPIO_WritePin
                0x00000000080036a6       0x3a Drivers/STM32L0xx_HAL_Driver/Src/stm32l0xx_hal_gpio.o
                0x00000000080036a6                HAL_GPIO_WritePin
 .text.HAL_GPIO_EXTI_IRQHandler
                0x00000000080036e0       0x38 Drivers/STM32L0xx_HAL_Driver/Src/stm32l0xx_hal_gpio.o
                0x00000000080036e0                HAL_GPIO_EXTI_IRQHandler
 .text.HAL_RCC_OscConfig
                0x0000000008003718      0x780 Drivers/STM32L0xx_HAL_Driver/Src/stm32l0xx_hal_rcc.o
                0x0000000008003718                HAL_RCC_OscConfig
 .text.HAL_RCC_ClockConfig
                0x0000000008003e98      0x254 Drivers/STM32L0xx_HAL_Driver/Src/stm32l0xx_hal_rcc.o
                0x0000000008003e98                HAL_RCC_ClockConfig
 .text.HAL_RCC_GetSysClockFreq
                0x00000000080040ec      0x108 Drivers/STM32L0xx_HAL_Driver/Src/stm32l0xx_hal_rcc.o
                0x00000000080040ec                HAL_RCC_GetSysClockFreq
 .text.HAL_RCC_GetHCLKFreq
                0x00000000080041f4       0x14 Drivers/STM32L0xx_HAL_Driver/Src/stm32l0xx_hal_rcc.o
                0x00000000080041f4                HAL_RCC_GetHCLKFreq
 .text.HAL_RCC_GetPCLK1Freq
                0x0000000008004208       0x2c Drivers/STM32L0xx_HAL_Driver/Src/stm32l0xx_hal_rcc.o
                0x0000000008004208                HAL_RCC_GetPCLK1Freq
 .text.HAL_TIM_Base_Init
                0x0000000008004234       0x58 Drivers/STM32L0xx_HAL_Driver/Src/stm32l0xx_hal_tim.o
                0x0000000008004234                HAL_TIM_Base_Init
 .text.HAL_TIM_Base_Start_IT
                0x000000000800428c       0x44 Drivers/STM32L0xx_HAL_Driver/Src/stm32l0xx_hal_tim.o
                0x000000000800428c                HAL_TIM_Base_Start_IT
 .text.HAL_TIM_OC_Init
                0x00000000080042d0       0x58 Drivers/STM32L0xx_HAL_Driver/Src/stm32l0xx_hal_tim.o
                0x00000000080042d0                HAL_TIM_OC_Init
 .text.HAL_TIM_OC_MspInit
                0x0000000008004328       0x10 Drivers/STM32L0xx_HAL_Driver/Src/stm32l0xx_hal_tim.o
                0x0000000008004328                HAL_TIM_OC_MspInit
 .text.HAL_TIM_OC_Start_IT
                0x0000000008004338       0xa4 Drivers/STM32L0xx_HAL_Driver/Src/stm32l0xx_hal_tim.o
                0x0000000008004338                HAL_TIM_OC_Start_IT
 .text.HAL_TIM_PWM_Init
                0x00000000080043dc       0x58 Drivers/STM32L0xx_HAL_Driver/Src/stm32l0xx_hal_tim.o
                0x00000000080043dc                HAL_TIM_PWM_Init
 .text.HAL_TIM_PWM_MspInit
                0x0000000008004434       0x10 Drivers/STM32L0xx_HAL_Driver/Src/stm32l0xx_hal_tim.o
                0x0000000008004434                HAL_TIM_PWM_MspInit
 .text.HAL_TIM_IC_Init
                0x0000000008004444       0x58 Drivers/STM32L0xx_HAL_Driver/Src/stm32l0xx_hal_tim.o
                0x0000000008004444                HAL_TIM_IC_Init
 .text.HAL_TIM_IC_MspInit
                0x000000000800449c       0x10 Drivers/STM32L0xx_HAL_Driver/Src/stm32l0xx_hal_tim.o
                0x000000000800449c                HAL_TIM_IC_MspInit
 .text.HAL_TIM_IC_Start_IT
                0x00000000080044ac       0xa4 Drivers/STM32L0xx_HAL_Driver/Src/stm32l0xx_hal_tim.o
                0x00000000080044ac                HAL_TIM_IC_Start_IT
 .text.HAL_TIM_OnePulse_Init
                0x0000000008004550       0x7a Drivers/STM32L0xx_HAL_Driver/Src/stm32l0xx_hal_tim.o
                0x0000000008004550                HAL_TIM_OnePulse_Init
 .text.HAL_TIM_OnePulse_MspInit
                0x00000000080045ca       0x10 Drivers/STM32L0xx_HAL_Driver/Src/stm32l0xx_hal_tim.o
                0x00000000080045ca                HAL_TIM_OnePulse_MspInit
 .text.HAL_TIM_OnePulse_Start_IT
                0x00000000080045da       0x50 Drivers/STM32L0xx_HAL_Driver/Src/stm32l0xx_hal_tim.o
                0x00000000080045da                HAL_TIM_OnePulse_Start_IT
 .text.HAL_TIM_IRQHandler
                0x000000000800462a      0x1d0 Drivers/STM32L0xx_HAL_Driver/Src/stm32l0xx_hal_tim.o
                0x000000000800462a                HAL_TIM_IRQHandler
 .text.HAL_TIM_OC_ConfigChannel
                0x00000000080047fa       0x9c Drivers/STM32L0xx_HAL_Driver/Src/stm32l0xx_hal_tim.o
                0x00000000080047fa                HAL_TIM_OC_ConfigChannel
 *fill*         0x0000000008004896        0x2 
 .text.HAL_TIM_IC_ConfigChannel
                0x0000000008004898      0x13c Drivers/STM32L0xx_HAL_Driver/Src/stm32l0xx_hal_tim.o
                0x0000000008004898                HAL_TIM_IC_ConfigChannel
 .text.HAL_TIM_PWM_ConfigChannel
                0x00000000080049d4      0x170 Drivers/STM32L0xx_HAL_Driver/Src/stm32l0xx_hal_tim.o
                0x00000000080049d4                HAL_TIM_PWM_ConfigChannel
 .text.HAL_TIM_ConfigClockSource
                0x0000000008004b44      0x17c Drivers/STM32L0xx_HAL_Driver/Src/stm32l0xx_hal_tim.o
                0x0000000008004b44                HAL_TIM_ConfigClockSource
 .text.HAL_TIM_ReadCapturedValue
                0x0000000008004cc0       0x58 Drivers/STM32L0xx_HAL_Driver/Src/stm32l0xx_hal_tim.o
                0x0000000008004cc0                HAL_TIM_ReadCapturedValue
 .text.HAL_TIM_OC_DelayElapsedCallback
                0x0000000008004d18       0x10 Drivers/STM32L0xx_HAL_Driver/Src/stm32l0xx_hal_tim.o
                0x0000000008004d18                HAL_TIM_OC_DelayElapsedCallback
 .text.HAL_TIM_TriggerCallback
                0x0000000008004d28       0x10 Drivers/STM32L0xx_HAL_Driver/Src/stm32l0xx_hal_tim.o
                0x0000000008004d28                HAL_TIM_TriggerCallback
 .text.TIM_Base_SetConfig
                0x0000000008004d38       0xa8 Drivers/STM32L0xx_HAL_Driver/Src/stm32l0xx_hal_tim.o
 .text.TIM_OC1_SetConfig
                0x0000000008004de0       0x78 Drivers/STM32L0xx_HAL_Driver/Src/stm32l0xx_hal_tim.o
 .text.TIM_OC2_SetConfig
                0x0000000008004e58       0x84 Drivers/STM32L0xx_HAL_Driver/Src/stm32l0xx_hal_tim.o
 .text.TIM_OC3_SetConfig
                0x0000000008004edc       0x80 Drivers/STM32L0xx_HAL_Driver/Src/stm32l0xx_hal_tim.o
 .text.TIM_OC4_SetConfig
                0x0000000008004f5c       0x8c Drivers/STM32L0xx_HAL_Driver/Src/stm32l0xx_hal_tim.o
 .text.TIM_TI1_SetConfig
                0x0000000008004fe8       0xac Drivers/STM32L0xx_HAL_Driver/Src/stm32l0xx_hal_tim.o
 .text.TIM_TI1_ConfigInputStage
                0x0000000008005094       0x5c Drivers/STM32L0xx_HAL_Driver/Src/stm32l0xx_hal_tim.o
 .text.TIM_TI2_SetConfig
                0x00000000080050f0       0x84 Drivers/STM32L0xx_HAL_Driver/Src/stm32l0xx_hal_tim.o
 .text.TIM_TI2_ConfigInputStage
                0x0000000008005174       0x64 Drivers/STM32L0xx_HAL_Driver/Src/stm32l0xx_hal_tim.o
 .text.TIM_TI3_SetConfig
                0x00000000080051d8       0x80 Drivers/STM32L0xx_HAL_Driver/Src/stm32l0xx_hal_tim.o
 .text.TIM_TI4_SetConfig
                0x0000000008005258       0x8c Drivers/STM32L0xx_HAL_Driver/Src/stm32l0xx_hal_tim.o
 .text.TIM_ITRx_SetConfig
                0x00000000080052e4       0x32 Drivers/STM32L0xx_HAL_Driver/Src/stm32l0xx_hal_tim.o
 *fill*         0x0000000008005316        0x2 
 .text.TIM_ETR_SetConfig
                0x0000000008005318       0x40 Drivers/STM32L0xx_HAL_Driver/Src/stm32l0xx_hal_tim.o
 .text.TIM_CCxChannelCmd
                0x0000000008005358       0x46 Drivers/STM32L0xx_HAL_Driver/Src/stm32l0xx_hal_tim.o
 .text.HAL_TIMEx_MasterConfigSynchronization
                0x000000000800539e       0x86 Drivers/STM32L0xx_HAL_Driver/Src/stm32l0xx_hal_tim_ex.o
                0x000000000800539e                HAL_TIMEx_MasterConfigSynchronization
 .text.__libc_init_array
                0x0000000008005424       0x48 d:/tools/stm32cubeide_1.4.0/stm32cubeide/plugins/com.st.stm32cube.ide.mcu.externaltools.gnu-tools-for-stm32.7-2018-q2-update.win32_1.4.0.202007081208/tools/bin/../lib/gcc/arm-none-eabi/7.3.1/../../../../arm-none-eabi/lib/thumb/v6-m\libc_nano.a(lib_a-init.o)
                0x0000000008005424                __libc_init_array
 .text.memset   0x000000000800546c       0x10 d:/tools/stm32cubeide_1.4.0/stm32cubeide/plugins/com.st.stm32cube.ide.mcu.externaltools.gnu-tools-for-stm32.7-2018-q2-update.win32_1.4.0.202007081208/tools/bin/../lib/gcc/arm-none-eabi/7.3.1/../../../../arm-none-eabi/lib/thumb/v6-m\libc_nano.a(lib_a-memset.o)
                0x000000000800546c                memset
 *(.glue_7)
 .glue_7        0x000000000800547c        0x0 linker stubs
 *(.glue_7t)
 .glue_7t       0x000000000800547c        0x0 linker stubs
 *(.eh_frame)
 .eh_frame      0x000000000800547c        0x0 d:/tools/stm32cubeide_1.4.0/stm32cubeide/plugins/com.st.stm32cube.ide.mcu.externaltools.gnu-tools-for-stm32.7-2018-q2-update.win32_1.4.0.202007081208/tools/bin/../lib/gcc/arm-none-eabi/7.3.1/thumb/v6-m/crtbegin.o
 *(.init)
 .init          0x000000000800547c        0x4 d:/tools/stm32cubeide_1.4.0/stm32cubeide/plugins/com.st.stm32cube.ide.mcu.externaltools.gnu-tools-for-stm32.7-2018-q2-update.win32_1.4.0.202007081208/tools/bin/../lib/gcc/arm-none-eabi/7.3.1/thumb/v6-m/crti.o
                0x000000000800547c                _init
 .init          0x0000000008005480        0x8 d:/tools/stm32cubeide_1.4.0/stm32cubeide/plugins/com.st.stm32cube.ide.mcu.externaltools.gnu-tools-for-stm32.7-2018-q2-update.win32_1.4.0.202007081208/tools/bin/../lib/gcc/arm-none-eabi/7.3.1/thumb/v6-m/crtn.o
 *(.fini)
 .fini          0x0000000008005488        0x4 d:/tools/stm32cubeide_1.4.0/stm32cubeide/plugins/com.st.stm32cube.ide.mcu.externaltools.gnu-tools-for-stm32.7-2018-q2-update.win32_1.4.0.202007081208/tools/bin/../lib/gcc/arm-none-eabi/7.3.1/thumb/v6-m/crti.o
                0x0000000008005488                _fini
 .fini          0x000000000800548c        0x8 d:/tools/stm32cubeide_1.4.0/stm32cubeide/plugins/com.st.stm32cube.ide.mcu.externaltools.gnu-tools-for-stm32.7-2018-q2-update.win32_1.4.0.202007081208/tools/bin/../lib/gcc/arm-none-eabi/7.3.1/thumb/v6-m/crtn.o
                0x0000000008005494                . = ALIGN (0x4)
                0x0000000008005494                _etext = .

.vfp11_veneer   0x0000000008005494        0x0
 .vfp11_veneer  0x0000000008005494        0x0 linker stubs

.v4_bx          0x0000000008005494        0x0
 .v4_bx         0x0000000008005494        0x0 linker stubs

.iplt           0x0000000008005494        0x0
 .iplt          0x0000000008005494        0x0 d:/tools/stm32cubeide_1.4.0/stm32cubeide/plugins/com.st.stm32cube.ide.mcu.externaltools.gnu-tools-for-stm32.7-2018-q2-update.win32_1.4.0.202007081208/tools/bin/../lib/gcc/arm-none-eabi/7.3.1/thumb/v6-m/crtbegin.o

.rodata         0x0000000008005494      0x124
                0x0000000008005494                . = ALIGN (0x4)
 *(.rodata)
 .rodata        0x0000000008005494       0x80 d:/tools/stm32cubeide_1.4.0/stm32cubeide/plugins/com.st.stm32cube.ide.mcu.externaltools.gnu-tools-for-stm32.7-2018-q2-update.win32_1.4.0.202007081208/tools/bin/../lib/gcc/arm-none-eabi/7.3.1/thumb/v6-m\libgcc.a(divsf3.o)
 .rodata        0x0000000008005514       0x40 d:/tools/stm32cubeide_1.4.0/stm32cubeide/plugins/com.st.stm32cube.ide.mcu.externaltools.gnu-tools-for-stm32.7-2018-q2-update.win32_1.4.0.202007081208/tools/bin/../lib/gcc/arm-none-eabi/7.3.1/thumb/v6-m\libgcc.a(mulsf3.o)
 .rodata        0x0000000008005554       0x40 d:/tools/stm32cubeide_1.4.0/stm32cubeide/plugins/com.st.stm32cube.ide.mcu.externaltools.gnu-tools-for-stm32.7-2018-q2-update.win32_1.4.0.202007081208/tools/bin/../lib/gcc/arm-none-eabi/7.3.1/thumb/v6-m\libgcc.a(muldf3.o)
 *(.rodata*)
 .rodata.AHBPrescTable
                0x0000000008005594       0x10 Core/Src/system_stm32l0xx.o
                0x0000000008005594                AHBPrescTable
 .rodata.APBPrescTable
                0x00000000080055a4        0x8 Core/Src/system_stm32l0xx.o
                0x00000000080055a4                APBPrescTable
 .rodata.PLLMulTable
                0x00000000080055ac        0x9 Core/Src/system_stm32l0xx.o
                0x00000000080055ac                PLLMulTable
                0x00000000080055b8                . = ALIGN (0x4)
 *fill*         0x00000000080055b5        0x3 

.rel.dyn        0x00000000080055b8        0x0
 .rel.iplt      0x00000000080055b8        0x0 d:/tools/stm32cubeide_1.4.0/stm32cubeide/plugins/com.st.stm32cube.ide.mcu.externaltools.gnu-tools-for-stm32.7-2018-q2-update.win32_1.4.0.202007081208/tools/bin/../lib/gcc/arm-none-eabi/7.3.1/thumb/v6-m/crtbegin.o

.ARM.extab      0x00000000080055b8        0x0
                0x00000000080055b8                . = ALIGN (0x4)
 *(.ARM.extab* .gnu.linkonce.armextab.*)
                0x00000000080055b8                . = ALIGN (0x4)

.ARM            0x00000000080055b8        0x0
                0x00000000080055b8                . = ALIGN (0x4)
                0x00000000080055b8                __exidx_start = .
 *(.ARM.exidx*)
                0x00000000080055b8                __exidx_end = .
                0x00000000080055b8                . = ALIGN (0x4)

.preinit_array  0x00000000080055b8        0x0
                0x00000000080055b8                . = ALIGN (0x4)
                0x00000000080055b8                PROVIDE (__preinit_array_start = .)
 *(.preinit_array*)
                0x00000000080055b8                PROVIDE (__preinit_array_end = .)
                0x00000000080055b8                . = ALIGN (0x4)

.init_array     0x00000000080055b8        0x4
                0x00000000080055b8                . = ALIGN (0x4)
                0x00000000080055b8                PROVIDE (__init_array_start = .)
 *(SORT_BY_NAME(.init_array.*))
 *(.init_array*)
 .init_array    0x00000000080055b8        0x4 d:/tools/stm32cubeide_1.4.0/stm32cubeide/plugins/com.st.stm32cube.ide.mcu.externaltools.gnu-tools-for-stm32.7-2018-q2-update.win32_1.4.0.202007081208/tools/bin/../lib/gcc/arm-none-eabi/7.3.1/thumb/v6-m/crtbegin.o
                0x00000000080055bc                PROVIDE (__init_array_end = .)
                0x00000000080055bc                . = ALIGN (0x4)

.fini_array     0x00000000080055bc        0x4
                0x00000000080055bc                . = ALIGN (0x4)
                [!provide]                        PROVIDE (__fini_array_start = .)
 *(SORT_BY_NAME(.fini_array.*))
 *(.fini_array*)
 .fini_array    0x00000000080055bc        0x4 d:/tools/stm32cubeide_1.4.0/stm32cubeide/plugins/com.st.stm32cube.ide.mcu.externaltools.gnu-tools-for-stm32.7-2018-q2-update.win32_1.4.0.202007081208/tools/bin/../lib/gcc/arm-none-eabi/7.3.1/thumb/v6-m/crtbegin.o
                [!provide]                        PROVIDE (__fini_array_end = .)
                0x00000000080055c0                . = ALIGN (0x4)
                0x00000000080055c0                _sidata = LOADADDR (.data)

.data           0x0000000020000000       0x2c load address 0x00000000080055c0
                0x0000000020000000                . = ALIGN (0x4)
                0x0000000020000000                _sdata = .
 *(.data)
 *(.data*)
 .data.Crank_TeethNmbr_P
                0x0000000020000000        0x1 Core/Src/crankshaft.o
                0x0000000020000000                Crank_TeethNmbr_P
 .data.Crank_MissingTeethNmbr_P
                0x0000000020000001        0x1 Core/Src/crankshaft.o
                0x0000000020000001                Crank_MissingTeethNmbr_P
 *fill*         0x0000000020000002        0x2 
 .data.Ignition_FireToothCyl1
                0x0000000020000004        0x4 Core/Src/ignition.o
                0x0000000020000004                Ignition_FireToothCyl1
 .data.Ignition_FireToothCyl2
                0x0000000020000008        0x4 Core/Src/ignition.o
                0x0000000020000008                Ignition_FireToothCyl2
 .data.Ignition_FireToothCyl3
                0x000000002000000c        0x4 Core/Src/ignition.o
                0x000000002000000c                Ignition_FireToothCyl3
 .data.Ignition_FireToothCyl4
                0x0000000020000010        0x4 Core/Src/ignition.o
                0x0000000020000010                Ignition_FireToothCyl4
 .data.IgniteDwellTime
                0x0000000020000014        0x4 Core/Src/main.o
                0x0000000020000014                IgniteDwellTime
 .data.angleToIgnite
                0x0000000020000018        0x4 Core/Src/main.o
                0x0000000020000018                angleToIgnite
 .data.angleOfIgnition
                0x000000002000001c        0x4 Core/Src/main.o
                0x000000002000001c                angleOfIgnition
 .data.SystemCoreClock
                0x0000000020000020        0x4 Core/Src/system_stm32l0xx.o
                0x0000000020000020                SystemCoreClock
 .data.uwTickPrio
                0x0000000020000024        0x4 Drivers/STM32L0xx_HAL_Driver/Src/stm32l0xx_hal.o
                0x0000000020000024                uwTickPrio
 .data.uwTickFreq
                0x0000000020000028        0x1 Drivers/STM32L0xx_HAL_Driver/Src/stm32l0xx_hal.o
                0x0000000020000028                uwTickFreq
                0x000000002000002c                . = ALIGN (0x4)
 *fill*         0x0000000020000029        0x3 
                0x000000002000002c                _edata = .

.igot.plt       0x000000002000002c        0x0 load address 0x00000000080055ec
 .igot.plt      0x000000002000002c        0x0 d:/tools/stm32cubeide_1.4.0/stm32cubeide/plugins/com.st.stm32cube.ide.mcu.externaltools.gnu-tools-for-stm32.7-2018-q2-update.win32_1.4.0.202007081208/tools/bin/../lib/gcc/arm-none-eabi/7.3.1/thumb/v6-m/crtbegin.o
                0x000000002000002c                . = ALIGN (0x4)

.bss            0x000000002000002c      0x128 load address 0x00000000080055ec
                0x000000002000002c                _sbss = .
                0x000000002000002c                __bss_start__ = _sbss
 *(.bss)
 .bss           0x000000002000002c       0x1c d:/tools/stm32cubeide_1.4.0/stm32cubeide/plugins/com.st.stm32cube.ide.mcu.externaltools.gnu-tools-for-stm32.7-2018-q2-update.win32_1.4.0.202007081208/tools/bin/../lib/gcc/arm-none-eabi/7.3.1/thumb/v6-m/crtbegin.o
 *(.bss*)
 .bss.Crank_ShaftFreqHz
                0x0000000020000048        0x4 Core/Src/crankshaft.o
                0x0000000020000048                Crank_ShaftFreqHz
 .bss.Crank_ShaftFreqHzRaw
                0x000000002000004c        0x4 Core/Src/crankshaft.o
                0x000000002000004c                Crank_ShaftFreqHzRaw
 .bss.Crank_RotDelta
                0x0000000020000050        0x4 Core/Src/crankshaft.o
                0x0000000020000050                Crank_RotDelta
 .bss.Crank_PosDiff
                0x0000000020000054        0x4 Core/Src/crankshaft.o
                0x0000000020000054                Crank_PosDiff
 .bss.Crank_PosDiffOld
                0x0000000020000058        0x4 Core/Src/crankshaft.o
                0x0000000020000058                Crank_PosDiffOld
 .bss.Crank_TeethCount
                0x000000002000005c        0x1 Core/Src/crankshaft.o
                0x000000002000005c                Crank_TeethCount
 *fill*         0x000000002000005d        0x1 
 .bss.Crank_Angle
                0x000000002000005e        0x2 Core/Src/crankshaft.o
                0x000000002000005e                Crank_Angle
 .bss.Crank_DivAngle
                0x0000000020000060        0x4 Core/Src/crankshaft.o
                0x0000000020000060                Crank_DivAngle
 .bss.Engine_Angle
                0x0000000020000064        0x2 Core/Src/crankshaft.o
                0x0000000020000064                Engine_Angle
 .bss.Cam_CycleStart
                0x0000000020000066        0x1 Core/Src/crankshaft.o
                0x0000000020000066                Cam_CycleStart
 *fill*         0x0000000020000067        0x1 
 .bss.Crank_LastCapturedEdgeTime
                0x0000000020000068        0x2 Core/Src/crankshaft.o
                0x0000000020000068                Crank_LastCapturedEdgeTime
 .bss.Crank_bErrToothJump
                0x000000002000006a        0x1 Core/Src/crankshaft.o
                0x000000002000006a                Crank_bErrToothJump
 *fill*         0x000000002000006b        0x1 
 .bss.Ignition_TimeToFireCyl1
                0x000000002000006c        0x4 Core/Src/ignition.o
                0x000000002000006c                Ignition_TimeToFireCyl1
 .bss.Ignition_TimeToFireCyl2
                0x0000000020000070        0x4 Core/Src/ignition.o
                0x0000000020000070                Ignition_TimeToFireCyl2
 .bss.Ignition_TimeToFireCyl3
                0x0000000020000074        0x4 Core/Src/ignition.o
                0x0000000020000074                Ignition_TimeToFireCyl3
 .bss.Ignition_TimeToFireCyl4
                0x0000000020000078        0x4 Core/Src/ignition.o
                0x0000000020000078                Ignition_TimeToFireCyl4
 .bss.Ignition_CoilStateCyl1
                0x000000002000007c        0x1 Core/Src/ignition.o
                0x000000002000007c                Ignition_CoilStateCyl1
 .bss.Ignition_CoilStateCyl3
                0x000000002000007d        0x1 Core/Src/ignition.o
                0x000000002000007d                Ignition_CoilStateCyl3
 .bss.Crank_HalfCycleFlag
                0x000000002000007e        0x1 Core/Src/main.o
                0x000000002000007e                Crank_HalfCycleFlag
 *fill*         0x000000002000007f        0x1 
 .bss.tempAngle
                0x0000000020000080        0x4 Core/Src/main.o
                0x0000000020000080                tempAngle
 *(COMMON)
 COMMON         0x0000000020000084       0xcc Core/Src/main.o
                0x0000000020000084                timeToIgnition
                0x0000000020000088                triggerTooth
                0x000000002000008c                htim22
                0x00000000200000c8                delayAngle
                0x00000000200000cc                captures
                0x00000000200000d4                triggerAngle
                0x00000000200000d8                htim2
                0x0000000020000114                htim21
 COMMON         0x0000000020000150        0x4 Drivers/STM32L0xx_HAL_Driver/Src/stm32l0xx_hal.o
                0x0000000020000150                uwTick
                0x0000000020000154                . = ALIGN (0x4)
                0x0000000020000154                _ebss = .
                0x0000000020000154                __bss_end__ = _ebss

._user_heap_stack
                0x0000000020000154      0x604 load address 0x00000000080055ec
                0x0000000020000158                . = ALIGN (0x8)
 *fill*         0x0000000020000154        0x4 
                0x0000000020000158                PROVIDE (end = .)
                [!provide]                        PROVIDE (_end = .)
                0x0000000020000358                . = (. + _Min_Heap_Size)
 *fill*         0x0000000020000158      0x200 
                0x0000000020000758                . = (. + _Min_Stack_Size)
 *fill*         0x0000000020000358      0x400 
                0x0000000020000758                . = ALIGN (0x8)

/DISCARD/
 libc.a(*)
 libm.a(*)
 libgcc.a(*)

.ARM.attributes
                0x0000000000000000       0x28
 *(.ARM.attributes)
 .ARM.attributes
                0x0000000000000000       0x1e d:/tools/stm32cubeide_1.4.0/stm32cubeide/plugins/com.st.stm32cube.ide.mcu.externaltools.gnu-tools-for-stm32.7-2018-q2-update.win32_1.4.0.202007081208/tools/bin/../lib/gcc/arm-none-eabi/7.3.1/thumb/v6-m/crti.o
 .ARM.attributes
                0x000000000000001e       0x2c d:/tools/stm32cubeide_1.4.0/stm32cubeide/plugins/com.st.stm32cube.ide.mcu.externaltools.gnu-tools-for-stm32.7-2018-q2-update.win32_1.4.0.202007081208/tools/bin/../lib/gcc/arm-none-eabi/7.3.1/thumb/v6-m/crtbegin.o
 .ARM.attributes
                0x000000000000004a       0x32 Core/Src/crankshaft.o
 .ARM.attributes
                0x000000000000007c       0x32 Core/Src/ignition.o
 .ARM.attributes
                0x00000000000000ae       0x32 Core/Src/main.o
 .ARM.attributes
                0x00000000000000e0       0x32 Core/Src/stm32l0xx_hal_msp.o
 .ARM.attributes
                0x0000000000000112       0x32 Core/Src/stm32l0xx_it.o
 .ARM.attributes
                0x0000000000000144       0x32 Core/Src/system_stm32l0xx.o
 .ARM.attributes
                0x0000000000000176       0x22 Core/Startup/startup_stm32l053r8tx.o
 .ARM.attributes
                0x0000000000000198       0x32 Drivers/STM32L0xx_HAL_Driver/Src/stm32l0xx_hal.o
 .ARM.attributes
                0x00000000000001ca       0x32 Drivers/STM32L0xx_HAL_Driver/Src/stm32l0xx_hal_cortex.o
 .ARM.attributes
                0x00000000000001fc       0x32 Drivers/STM32L0xx_HAL_Driver/Src/stm32l0xx_hal_gpio.o
 .ARM.attributes
                0x000000000000022e       0x32 Drivers/STM32L0xx_HAL_Driver/Src/stm32l0xx_hal_rcc.o
 .ARM.attributes
                0x0000000000000260       0x32 Drivers/STM32L0xx_HAL_Driver/Src/stm32l0xx_hal_tim.o
 .ARM.attributes
                0x0000000000000292       0x32 Drivers/STM32L0xx_HAL_Driver/Src/stm32l0xx_hal_tim_ex.o
 .ARM.attributes
                0x00000000000002c4       0x2c d:/tools/stm32cubeide_1.4.0/stm32cubeide/plugins/com.st.stm32cube.ide.mcu.externaltools.gnu-tools-for-stm32.7-2018-q2-update.win32_1.4.0.202007081208/tools/bin/../lib/gcc/arm-none-eabi/7.3.1/../../../../arm-none-eabi/lib/thumb/v6-m\libc_nano.a(lib_a-init.o)
 .ARM.attributes
                0x00000000000002f0       0x2c d:/tools/stm32cubeide_1.4.0/stm32cubeide/plugins/com.st.stm32cube.ide.mcu.externaltools.gnu-tools-for-stm32.7-2018-q2-update.win32_1.4.0.202007081208/tools/bin/../lib/gcc/arm-none-eabi/7.3.1/../../../../arm-none-eabi/lib/thumb/v6-m\libc_nano.a(lib_a-memset.o)
 .ARM.attributes
                0x000000000000031c       0x1e d:/tools/stm32cubeide_1.4.0/stm32cubeide/plugins/com.st.stm32cube.ide.mcu.externaltools.gnu-tools-for-stm32.7-2018-q2-update.win32_1.4.0.202007081208/tools/bin/../lib/gcc/arm-none-eabi/7.3.1/thumb/v6-m\libgcc.a(_udivsi3.o)
 .ARM.attributes
                0x000000000000033a       0x1e d:/tools/stm32cubeide_1.4.0/stm32cubeide/plugins/com.st.stm32cube.ide.mcu.externaltools.gnu-tools-for-stm32.7-2018-q2-update.win32_1.4.0.202007081208/tools/bin/../lib/gcc/arm-none-eabi/7.3.1/thumb/v6-m\libgcc.a(_divsi3.o)
 .ARM.attributes
                0x0000000000000358       0x1e d:/tools/stm32cubeide_1.4.0/stm32cubeide/plugins/com.st.stm32cube.ide.mcu.externaltools.gnu-tools-for-stm32.7-2018-q2-update.win32_1.4.0.202007081208/tools/bin/../lib/gcc/arm-none-eabi/7.3.1/thumb/v6-m\libgcc.a(_dvmd_tls.o)
 .ARM.attributes
                0x0000000000000376       0x1e d:/tools/stm32cubeide_1.4.0/stm32cubeide/plugins/com.st.stm32cube.ide.mcu.externaltools.gnu-tools-for-stm32.7-2018-q2-update.win32_1.4.0.202007081208/tools/bin/../lib/gcc/arm-none-eabi/7.3.1/thumb/v6-m\libgcc.a(_arm_cmpdf2.o)
 .ARM.attributes
                0x0000000000000394       0x1e d:/tools/stm32cubeide_1.4.0/stm32cubeide/plugins/com.st.stm32cube.ide.mcu.externaltools.gnu-tools-for-stm32.7-2018-q2-update.win32_1.4.0.202007081208/tools/bin/../lib/gcc/arm-none-eabi/7.3.1/thumb/v6-m\libgcc.a(_arm_cmpsf2.o)
 .ARM.attributes
                0x00000000000003b2       0x2c d:/tools/stm32cubeide_1.4.0/stm32cubeide/plugins/com.st.stm32cube.ide.mcu.externaltools.gnu-tools-for-stm32.7-2018-q2-update.win32_1.4.0.202007081208/tools/bin/../lib/gcc/arm-none-eabi/7.3.1/thumb/v6-m\libgcc.a(_fixunssfsi.o)
 .ARM.attributes
                0x00000000000003de       0x2c d:/tools/stm32cubeide_1.4.0/stm32cubeide/plugins/com.st.stm32cube.ide.mcu.externaltools.gnu-tools-for-stm32.7-2018-q2-update.win32_1.4.0.202007081208/tools/bin/../lib/gcc/arm-none-eabi/7.3.1/thumb/v6-m\libgcc.a(divsf3.o)
 .ARM.attributes
                0x000000000000040a       0x2c d:/tools/stm32cubeide_1.4.0/stm32cubeide/plugins/com.st.stm32cube.ide.mcu.externaltools.gnu-tools-for-stm32.7-2018-q2-update.win32_1.4.0.202007081208/tools/bin/../lib/gcc/arm-none-eabi/7.3.1/thumb/v6-m\libgcc.a(eqsf2.o)
 .ARM.attributes
                0x0000000000000436       0x2c d:/tools/stm32cubeide_1.4.0/stm32cubeide/plugins/com.st.stm32cube.ide.mcu.externaltools.gnu-tools-for-stm32.7-2018-q2-update.win32_1.4.0.202007081208/tools/bin/../lib/gcc/arm-none-eabi/7.3.1/thumb/v6-m\libgcc.a(gesf2.o)
 .ARM.attributes
                0x0000000000000462       0x2c d:/tools/stm32cubeide_1.4.0/stm32cubeide/plugins/com.st.stm32cube.ide.mcu.externaltools.gnu-tools-for-stm32.7-2018-q2-update.win32_1.4.0.202007081208/tools/bin/../lib/gcc/arm-none-eabi/7.3.1/thumb/v6-m\libgcc.a(lesf2.o)
 .ARM.attributes
                0x000000000000048e       0x2c d:/tools/stm32cubeide_1.4.0/stm32cubeide/plugins/com.st.stm32cube.ide.mcu.externaltools.gnu-tools-for-stm32.7-2018-q2-update.win32_1.4.0.202007081208/tools/bin/../lib/gcc/arm-none-eabi/7.3.1/thumb/v6-m\libgcc.a(mulsf3.o)
 .ARM.attributes
                0x00000000000004ba       0x2c d:/tools/stm32cubeide_1.4.0/stm32cubeide/plugins/com.st.stm32cube.ide.mcu.externaltools.gnu-tools-for-stm32.7-2018-q2-update.win32_1.4.0.202007081208/tools/bin/../lib/gcc/arm-none-eabi/7.3.1/thumb/v6-m\libgcc.a(subsf3.o)
 .ARM.attributes
                0x00000000000004e6       0x2c d:/tools/stm32cubeide_1.4.0/stm32cubeide/plugins/com.st.stm32cube.ide.mcu.externaltools.gnu-tools-for-stm32.7-2018-q2-update.win32_1.4.0.202007081208/tools/bin/../lib/gcc/arm-none-eabi/7.3.1/thumb/v6-m\libgcc.a(fixsfsi.o)
 .ARM.attributes
                0x0000000000000512       0x2c d:/tools/stm32cubeide_1.4.0/stm32cubeide/plugins/com.st.stm32cube.ide.mcu.externaltools.gnu-tools-for-stm32.7-2018-q2-update.win32_1.4.0.202007081208/tools/bin/../lib/gcc/arm-none-eabi/7.3.1/thumb/v6-m\libgcc.a(floatsisf.o)
 .ARM.attributes
                0x000000000000053e       0x2c d:/tools/stm32cubeide_1.4.0/stm32cubeide/plugins/com.st.stm32cube.ide.mcu.externaltools.gnu-tools-for-stm32.7-2018-q2-update.win32_1.4.0.202007081208/tools/bin/../lib/gcc/arm-none-eabi/7.3.1/thumb/v6-m\libgcc.a(floatunsisf.o)
 .ARM.attributes
                0x000000000000056a       0x2c d:/tools/stm32cubeide_1.4.0/stm32cubeide/plugins/com.st.stm32cube.ide.mcu.externaltools.gnu-tools-for-stm32.7-2018-q2-update.win32_1.4.0.202007081208/tools/bin/../lib/gcc/arm-none-eabi/7.3.1/thumb/v6-m\libgcc.a(adddf3.o)
 .ARM.attributes
                0x0000000000000596       0x2c d:/tools/stm32cubeide_1.4.0/stm32cubeide/plugins/com.st.stm32cube.ide.mcu.externaltools.gnu-tools-for-stm32.7-2018-q2-update.win32_1.4.0.202007081208/tools/bin/../lib/gcc/arm-none-eabi/7.3.1/thumb/v6-m\libgcc.a(eqdf2.o)
 .ARM.attributes
                0x00000000000005c2       0x2c d:/tools/stm32cubeide_1.4.0/stm32cubeide/plugins/com.st.stm32cube.ide.mcu.externaltools.gnu-tools-for-stm32.7-2018-q2-update.win32_1.4.0.202007081208/tools/bin/../lib/gcc/arm-none-eabi/7.3.1/thumb/v6-m\libgcc.a(gedf2.o)
 .ARM.attributes
                0x00000000000005ee       0x2c d:/tools/stm32cubeide_1.4.0/stm32cubeide/plugins/com.st.stm32cube.ide.mcu.externaltools.gnu-tools-for-stm32.7-2018-q2-update.win32_1.4.0.202007081208/tools/bin/../lib/gcc/arm-none-eabi/7.3.1/thumb/v6-m\libgcc.a(ledf2.o)
 .ARM.attributes
                0x000000000000061a       0x2c d:/tools/stm32cubeide_1.4.0/stm32cubeide/plugins/com.st.stm32cube.ide.mcu.externaltools.gnu-tools-for-stm32.7-2018-q2-update.win32_1.4.0.202007081208/tools/bin/../lib/gcc/arm-none-eabi/7.3.1/thumb/v6-m\libgcc.a(muldf3.o)
 .ARM.attributes
                0x0000000000000646       0x2c d:/tools/stm32cubeide_1.4.0/stm32cubeide/plugins/com.st.stm32cube.ide.mcu.externaltools.gnu-tools-for-stm32.7-2018-q2-update.win32_1.4.0.202007081208/tools/bin/../lib/gcc/arm-none-eabi/7.3.1/thumb/v6-m\libgcc.a(fixdfsi.o)
 .ARM.attributes
                0x0000000000000672       0x2c d:/tools/stm32cubeide_1.4.0/stm32cubeide/plugins/com.st.stm32cube.ide.mcu.externaltools.gnu-tools-for-stm32.7-2018-q2-update.win32_1.4.0.202007081208/tools/bin/../lib/gcc/arm-none-eabi/7.3.1/thumb/v6-m\libgcc.a(floatsidf.o)
 .ARM.attributes
                0x000000000000069e       0x2c d:/tools/stm32cubeide_1.4.0/stm32cubeide/plugins/com.st.stm32cube.ide.mcu.externaltools.gnu-tools-for-stm32.7-2018-q2-update.win32_1.4.0.202007081208/tools/bin/../lib/gcc/arm-none-eabi/7.3.1/thumb/v6-m\libgcc.a(floatunsidf.o)
 .ARM.attributes
                0x00000000000006ca       0x2c d:/tools/stm32cubeide_1.4.0/stm32cubeide/plugins/com.st.stm32cube.ide.mcu.externaltools.gnu-tools-for-stm32.7-2018-q2-update.win32_1.4.0.202007081208/tools/bin/../lib/gcc/arm-none-eabi/7.3.1/thumb/v6-m\libgcc.a(extendsfdf2.o)
 .ARM.attributes
                0x00000000000006f6       0x2c d:/tools/stm32cubeide_1.4.0/stm32cubeide/plugins/com.st.stm32cube.ide.mcu.externaltools.gnu-tools-for-stm32.7-2018-q2-update.win32_1.4.0.202007081208/tools/bin/../lib/gcc/arm-none-eabi/7.3.1/thumb/v6-m\libgcc.a(truncdfsf2.o)
 .ARM.attributes
                0x0000000000000722       0x1e d:/tools/stm32cubeide_1.4.0/stm32cubeide/plugins/com.st.stm32cube.ide.mcu.externaltools.gnu-tools-for-stm32.7-2018-q2-update.win32_1.4.0.202007081208/tools/bin/../lib/gcc/arm-none-eabi/7.3.1/thumb/v6-m\libgcc.a(_clzsi2.o)
 .ARM.attributes
                0x0000000000000740       0x1e d:/tools/stm32cubeide_1.4.0/stm32cubeide/plugins/com.st.stm32cube.ide.mcu.externaltools.gnu-tools-for-stm32.7-2018-q2-update.win32_1.4.0.202007081208/tools/bin/../lib/gcc/arm-none-eabi/7.3.1/thumb/v6-m/crtn.o
OUTPUT(FirstSTMTest.elf elf32-littlearm)

.debug_info     0x0000000000000000     0x885f
 .debug_info    0x0000000000000000      0x7ca Core/Src/crankshaft.o
 .debug_info    0x00000000000007ca      0x60e Core/Src/ignition.o
 .debug_info    0x0000000000000dd8     0x18f0 Core/Src/main.o
 .debug_info    0x00000000000026c8      0x9d0 Core/Src/stm32l0xx_hal_msp.o
 .debug_info    0x0000000000003098      0x6ae Core/Src/stm32l0xx_it.o
 .debug_info    0x0000000000003746      0x3d9 Core/Src/system_stm32l0xx.o
 .debug_info    0x0000000000003b1f       0x22 Core/Startup/startup_stm32l053r8tx.o
 .debug_info    0x0000000000003b41      0x874 Drivers/STM32L0xx_HAL_Driver/Src/stm32l0xx_hal.o
 .debug_info    0x00000000000043b5      0x916 Drivers/STM32L0xx_HAL_Driver/Src/stm32l0xx_hal_cortex.o
 .debug_info    0x0000000000004ccb      0x71d Drivers/STM32L0xx_HAL_Driver/Src/stm32l0xx_hal_gpio.o
 .debug_info    0x00000000000053e8      0x99d Drivers/STM32L0xx_HAL_Driver/Src/stm32l0xx_hal_rcc.o
 .debug_info    0x0000000000005d85     0x2408 Drivers/STM32L0xx_HAL_Driver/Src/stm32l0xx_hal_tim.o
 .debug_info    0x000000000000818d      0x6d2 Drivers/STM32L0xx_HAL_Driver/Src/stm32l0xx_hal_tim_ex.o

.debug_abbrev   0x0000000000000000     0x1690
 .debug_abbrev  0x0000000000000000      0x1aa Core/Src/crankshaft.o
 .debug_abbrev  0x00000000000001aa      0x190 Core/Src/ignition.o
 .debug_abbrev  0x000000000000033a      0x301 Core/Src/main.o
 .debug_abbrev  0x000000000000063b      0x195 Core/Src/stm32l0xx_hal_msp.o
 .debug_abbrev  0x00000000000007d0      0x158 Core/Src/stm32l0xx_it.o
 .debug_abbrev  0x0000000000000928      0x12b Core/Src/system_stm32l0xx.o
 .debug_abbrev  0x0000000000000a53       0x12 Core/Startup/startup_stm32l053r8tx.o
 .debug_abbrev  0x0000000000000a65      0x235 Drivers/STM32L0xx_HAL_Driver/Src/stm32l0xx_hal.o
 .debug_abbrev  0x0000000000000c9a      0x261 Drivers/STM32L0xx_HAL_Driver/Src/stm32l0xx_hal_cortex.o
 .debug_abbrev  0x0000000000000efb      0x1c0 Drivers/STM32L0xx_HAL_Driver/Src/stm32l0xx_hal_gpio.o
 .debug_abbrev  0x00000000000010bb      0x21a Drivers/STM32L0xx_HAL_Driver/Src/stm32l0xx_hal_rcc.o
 .debug_abbrev  0x00000000000012d5      0x22e Drivers/STM32L0xx_HAL_Driver/Src/stm32l0xx_hal_tim.o
 .debug_abbrev  0x0000000000001503      0x18d Drivers/STM32L0xx_HAL_Driver/Src/stm32l0xx_hal_tim_ex.o

.debug_aranges  0x0000000000000000      0x880
 .debug_aranges
                0x0000000000000000       0x48 Core/Src/crankshaft.o
 .debug_aranges
                0x0000000000000048       0x40 Core/Src/ignition.o
 .debug_aranges
                0x0000000000000088       0x80 Core/Src/main.o
 .debug_aranges
                0x0000000000000108       0x38 Core/Src/stm32l0xx_hal_msp.o
 .debug_aranges
                0x0000000000000140       0x60 Core/Src/stm32l0xx_it.o
 .debug_aranges
                0x00000000000001a0       0x28 Core/Src/system_stm32l0xx.o
 .debug_aranges
                0x00000000000001c8       0x28 Core/Startup/startup_stm32l053r8tx.o
 .debug_aranges
                0x00000000000001f0      0x110 Drivers/STM32L0xx_HAL_Driver/Src/stm32l0xx_hal.o
 .debug_aranges
                0x0000000000000300       0xd8 Drivers/STM32L0xx_HAL_Driver/Src/stm32l0xx_hal_cortex.o
 .debug_aranges
                0x00000000000003d8       0x58 Drivers/STM32L0xx_HAL_Driver/Src/stm32l0xx_hal_gpio.o
 .debug_aranges
                0x0000000000000430       0x80 Drivers/STM32L0xx_HAL_Driver/Src/stm32l0xx_hal_rcc.o
 .debug_aranges
                0x00000000000004b0      0x3a8 Drivers/STM32L0xx_HAL_Driver/Src/stm32l0xx_hal_tim.o
 .debug_aranges
                0x0000000000000858       0x28 Drivers/STM32L0xx_HAL_Driver/Src/stm32l0xx_hal_tim_ex.o

.debug_ranges   0x0000000000000000      0x7b8
 .debug_ranges  0x0000000000000000       0x38 Core/Src/crankshaft.o
 .debug_ranges  0x0000000000000038       0x30 Core/Src/ignition.o
 .debug_ranges  0x0000000000000068       0x70 Core/Src/main.o
 .debug_ranges  0x00000000000000d8       0x28 Core/Src/stm32l0xx_hal_msp.o
 .debug_ranges  0x0000000000000100       0x50 Core/Src/stm32l0xx_it.o
 .debug_ranges  0x0000000000000150       0x18 Core/Src/system_stm32l0xx.o
 .debug_ranges  0x0000000000000168       0x20 Core/Startup/startup_stm32l053r8tx.o
 .debug_ranges  0x0000000000000188      0x100 Drivers/STM32L0xx_HAL_Driver/Src/stm32l0xx_hal.o
 .debug_ranges  0x0000000000000288       0xc8 Drivers/STM32L0xx_HAL_Driver/Src/stm32l0xx_hal_cortex.o
 .debug_ranges  0x0000000000000350       0x48 Drivers/STM32L0xx_HAL_Driver/Src/stm32l0xx_hal_gpio.o
 .debug_ranges  0x0000000000000398       0x70 Drivers/STM32L0xx_HAL_Driver/Src/stm32l0xx_hal_rcc.o
 .debug_ranges  0x0000000000000408      0x398 Drivers/STM32L0xx_HAL_Driver/Src/stm32l0xx_hal_tim.o
 .debug_ranges  0x00000000000007a0       0x18 Drivers/STM32L0xx_HAL_Driver/Src/stm32l0xx_hal_tim_ex.o

.debug_macro    0x0000000000000000    0x13580
 .debug_macro   0x0000000000000000      0x1ae Core/Src/crankshaft.o
 .debug_macro   0x00000000000001ae      0xa48 Core/Src/crankshaft.o
 .debug_macro   0x0000000000000bf6      0x119 Core/Src/crankshaft.o
 .debug_macro   0x0000000000000d0f       0x2e Core/Src/crankshaft.o
 .debug_macro   0x0000000000000d3d       0x28 Core/Src/crankshaft.o
 .debug_macro   0x0000000000000d65       0x22 Core/Src/crankshaft.o
 .debug_macro   0x0000000000000d87       0x8e Core/Src/crankshaft.o
 .debug_macro   0x0000000000000e15       0x51 Core/Src/crankshaft.o
 .debug_macro   0x0000000000000e66       0xef Core/Src/crankshaft.o
 .debug_macro   0x0000000000000f55       0x6a Core/Src/crankshaft.o
 .debug_macro   0x0000000000000fbf      0x1df Core/Src/crankshaft.o
 .debug_macro   0x000000000000119e       0x34 Core/Src/crankshaft.o
 .debug_macro   0x00000000000011d2       0x26 Core/Src/crankshaft.o
 .debug_macro   0x00000000000011f8      0x44f Core/Src/crankshaft.o
 .debug_macro   0x0000000000001647     0x9d0d Core/Src/crankshaft.o
 .debug_macro   0x000000000000b354       0x3c Core/Src/crankshaft.o
 .debug_macro   0x000000000000b390     0x352c Core/Src/crankshaft.o
 .debug_macro   0x000000000000e8bc      0x174 Core/Src/crankshaft.o
 .debug_macro   0x000000000000ea30       0x5b Core/Src/crankshaft.o
 .debug_macro   0x000000000000ea8b      0x8d6 Core/Src/crankshaft.o
 .debug_macro   0x000000000000f361      0x9d2 Core/Src/crankshaft.o
 .debug_macro   0x000000000000fd33      0x13f Core/Src/crankshaft.o
 .debug_macro   0x000000000000fe72      0x17d Core/Src/crankshaft.o
 .debug_macro   0x000000000000ffef      0x28e Core/Src/crankshaft.o
 .debug_macro   0x000000000001027d      0x1e9 Core/Src/crankshaft.o
 .debug_macro   0x0000000000010466      0x129 Core/Src/crankshaft.o
 .debug_macro   0x000000000001058f      0x2b4 Core/Src/crankshaft.o
 .debug_macro   0x0000000000010843      0x22c Core/Src/crankshaft.o
 .debug_macro   0x0000000000010a6f       0x5b Core/Src/crankshaft.o
 .debug_macro   0x0000000000010aca       0xa5 Core/Src/crankshaft.o
 .debug_macro   0x0000000000010b6f      0x187 Core/Src/crankshaft.o
 .debug_macro   0x0000000000010cf6       0x16 Core/Src/crankshaft.o
 .debug_macro   0x0000000000010d0c      0x734 Core/Src/crankshaft.o
 .debug_macro   0x0000000000011440       0xcc Core/Src/crankshaft.o
 .debug_macro   0x000000000001150c      0x16c Core/Src/crankshaft.o
 .debug_macro   0x0000000000011678      0x1ae Core/Src/ignition.o
 .debug_macro   0x0000000000011826      0x352 Core/Src/main.o
 .debug_macro   0x0000000000011b78       0x46 Core/Src/main.o
 .debug_macro   0x0000000000011bbe       0x18 Core/Src/main.o
 .debug_macro   0x0000000000011bd6       0x3c Core/Src/main.o
 .debug_macro   0x0000000000011c12       0x34 Core/Src/main.o
 .debug_macro   0x0000000000011c46       0x52 Core/Src/main.o
 .debug_macro   0x0000000000011c98       0x1f Core/Src/main.o
 .debug_macro   0x0000000000011cb7       0x43 Core/Src/main.o
 .debug_macro   0x0000000000011cfa       0x20 Core/Src/main.o
 .debug_macro   0x0000000000011d1a      0x1a3 Core/Src/main.o
 .debug_macro   0x0000000000011ebd      0x330 Core/Src/main.o
 .debug_macro   0x00000000000121ed       0x10 Core/Src/main.o
 .debug_macro   0x00000000000121fd       0x35 Core/Src/main.o
 .debug_macro   0x0000000000012232       0x20 Core/Src/main.o
 .debug_macro   0x0000000000012252       0x1c Core/Src/main.o
 .debug_macro   0x000000000001226e       0x10 Core/Src/main.o
 .debug_macro   0x000000000001227e       0x10 Core/Src/main.o
 .debug_macro   0x000000000001228e       0x1c Core/Src/main.o
 .debug_macro   0x00000000000122aa       0x52 Core/Src/main.o
 .debug_macro   0x00000000000122fc       0x40 Core/Src/main.o
 .debug_macro   0x000000000001233c       0x10 Core/Src/main.o
 .debug_macro   0x000000000001234c       0x40 Core/Src/main.o
 .debug_macro   0x000000000001238c       0xd7 Core/Src/main.o
 .debug_macro   0x0000000000012463       0x1c Core/Src/main.o
 .debug_macro   0x000000000001247f       0x3d Core/Src/main.o
 .debug_macro   0x00000000000124bc       0x16 Core/Src/main.o
 .debug_macro   0x00000000000124d2      0x145 Core/Src/main.o
 .debug_macro   0x0000000000012617      0x1ae Core/Src/stm32l0xx_hal_msp.o
 .debug_macro   0x00000000000127c5      0x1b8 Core/Src/stm32l0xx_it.o
 .debug_macro   0x000000000001297d      0x1aa Core/Src/system_stm32l0xx.o
 .debug_macro   0x0000000000012b27      0x1c8 Drivers/STM32L0xx_HAL_Driver/Src/stm32l0xx_hal.o
 .debug_macro   0x0000000000012cef      0x1a4 Drivers/STM32L0xx_HAL_Driver/Src/stm32l0xx_hal_cortex.o
 .debug_macro   0x0000000000012e93      0x1dc Drivers/STM32L0xx_HAL_Driver/Src/stm32l0xx_hal_gpio.o
 .debug_macro   0x000000000001306f      0x1c8 Drivers/STM32L0xx_HAL_Driver/Src/stm32l0xx_hal_rcc.o
 .debug_macro   0x0000000000013237      0x1a5 Drivers/STM32L0xx_HAL_Driver/Src/stm32l0xx_hal_tim.o
 .debug_macro   0x00000000000133dc      0x1a4 Drivers/STM32L0xx_HAL_Driver/Src/stm32l0xx_hal_tim_ex.o

.debug_line     0x0000000000000000     0x6fa9
 .debug_line    0x0000000000000000      0x71b Core/Src/crankshaft.o
 .debug_line    0x000000000000071b      0x72b Core/Src/ignition.o
 .debug_line    0x0000000000000e46      0xa88 Core/Src/main.o
 .debug_line    0x00000000000018ce      0x714 Core/Src/stm32l0xx_hal_msp.o
 .debug_line    0x0000000000001fe2      0x741 Core/Src/stm32l0xx_it.o
 .debug_line    0x0000000000002723      0x6d4 Core/Src/system_stm32l0xx.o
 .debug_line    0x0000000000002df7       0x8a Core/Startup/startup_stm32l053r8tx.o
 .debug_line    0x0000000000002e81      0x8f0 Drivers/STM32L0xx_HAL_Driver/Src/stm32l0xx_hal.o
 .debug_line    0x0000000000003771      0x8de Drivers/STM32L0xx_HAL_Driver/Src/stm32l0xx_hal_cortex.o
 .debug_line    0x000000000000404f      0x832 Drivers/STM32L0xx_HAL_Driver/Src/stm32l0xx_hal_gpio.o
 .debug_line    0x0000000000004881      0x961 Drivers/STM32L0xx_HAL_Driver/Src/stm32l0xx_hal_rcc.o
 .debug_line    0x00000000000051e2     0x169b Drivers/STM32L0xx_HAL_Driver/Src/stm32l0xx_hal_tim.o
 .debug_line    0x000000000000687d      0x72c Drivers/STM32L0xx_HAL_Driver/Src/stm32l0xx_hal_tim_ex.o

.debug_str      0x0000000000000000    0x77cd4
 .debug_str     0x0000000000000000    0x7179f Core/Src/crankshaft.o
                                      0x71b09 (size before relaxing)
 .debug_str     0x000000000007179f      0x331 Core/Src/ignition.o
                                      0x71928 (size before relaxing)
 .debug_str     0x0000000000071ad0     0x4794 Core/Src/main.o
                                      0x764c0 (size before relaxing)
 .debug_str     0x0000000000076264       0x76 Core/Src/stm32l0xx_hal_msp.o
                                      0x71c85 (size before relaxing)
 .debug_str     0x00000000000762da       0xbc Core/Src/stm32l0xx_it.o
                                      0x71a3c (size before relaxing)
 .debug_str     0x0000000000076396       0xa6 Core/Src/system_stm32l0xx.o
                                      0x716d3 (size before relaxing)
 .debug_str     0x000000000007643c       0x59 Core/Startup/startup_stm32l053r8tx.o
 .debug_str     0x0000000000076495      0x425 Drivers/STM32L0xx_HAL_Driver/Src/stm32l0xx_hal.o
                                      0x71d14 (size before relaxing)
 .debug_str     0x00000000000768ba      0x2c4 Drivers/STM32L0xx_HAL_Driver/Src/stm32l0xx_hal_cortex.o
                                      0x71b15 (size before relaxing)
 .debug_str     0x0000000000076b7e      0x227 Drivers/STM32L0xx_HAL_Driver/Src/stm32l0xx_hal_gpio.o
                                      0x71983 (size before relaxing)
 .debug_str     0x0000000000076da5      0x279 Drivers/STM32L0xx_HAL_Driver/Src/stm32l0xx_hal_rcc.o
                                      0x71b40 (size before relaxing)
 .debug_str     0x000000000007701e      0xc39 Drivers/STM32L0xx_HAL_Driver/Src/stm32l0xx_hal_tim.o
                                      0x727d6 (size before relaxing)
 .debug_str     0x0000000000077c57       0x7d Drivers/STM32L0xx_HAL_Driver/Src/stm32l0xx_hal_tim_ex.o
                                      0x71a61 (size before relaxing)

.comment        0x0000000000000000       0x7b
 .comment       0x0000000000000000       0x7b Core/Src/crankshaft.o
                                         0x7c (size before relaxing)
 .comment       0x000000000000007b       0x7c Core/Src/ignition.o
 .comment       0x000000000000007b       0x7c Core/Src/main.o
 .comment       0x000000000000007b       0x7c Core/Src/stm32l0xx_hal_msp.o
 .comment       0x000000000000007b       0x7c Core/Src/stm32l0xx_it.o
 .comment       0x000000000000007b       0x7c Core/Src/system_stm32l0xx.o
 .comment       0x000000000000007b       0x7c Drivers/STM32L0xx_HAL_Driver/Src/stm32l0xx_hal.o
 .comment       0x000000000000007b       0x7c Drivers/STM32L0xx_HAL_Driver/Src/stm32l0xx_hal_cortex.o
 .comment       0x000000000000007b       0x7c Drivers/STM32L0xx_HAL_Driver/Src/stm32l0xx_hal_gpio.o
 .comment       0x000000000000007b       0x7c Drivers/STM32L0xx_HAL_Driver/Src/stm32l0xx_hal_rcc.o
 .comment       0x000000000000007b       0x7c Drivers/STM32L0xx_HAL_Driver/Src/stm32l0xx_hal_tim.o
 .comment       0x000000000000007b       0x7c Drivers/STM32L0xx_HAL_Driver/Src/stm32l0xx_hal_tim_ex.o

.debug_frame    0x0000000000000000     0x2134
 .debug_frame   0x0000000000000000       0xc0 Core/Src/crankshaft.o
 .debug_frame   0x00000000000000c0       0xb0 Core/Src/ignition.o
 .debug_frame   0x0000000000000170      0x1a4 Core/Src/main.o
 .debug_frame   0x0000000000000314       0x8c Core/Src/stm32l0xx_hal_msp.o
 .debug_frame   0x00000000000003a0      0x10c Core/Src/stm32l0xx_it.o
 .debug_frame   0x00000000000004ac       0x4c Core/Src/system_stm32l0xx.o
 .debug_frame   0x00000000000004f8      0x394 Drivers/STM32L0xx_HAL_Driver/Src/stm32l0xx_hal.o
 .debug_frame   0x000000000000088c      0x2fc Drivers/STM32L0xx_HAL_Driver/Src/stm32l0xx_hal_cortex.o
 .debug_frame   0x0000000000000b88      0x110 Drivers/STM32L0xx_HAL_Driver/Src/stm32l0xx_hal_gpio.o
 .debug_frame   0x0000000000000c98      0x1a4 Drivers/STM32L0xx_HAL_Driver/Src/stm32l0xx_hal_rcc.o
 .debug_frame   0x0000000000000e3c      0xe50 Drivers/STM32L0xx_HAL_Driver/Src/stm32l0xx_hal_tim.o
 .debug_frame   0x0000000000001c8c       0x50 Drivers/STM32L0xx_HAL_Driver/Src/stm32l0xx_hal_tim_ex.o
 .debug_frame   0x0000000000001cdc       0x2c d:/tools/stm32cubeide_1.4.0/stm32cubeide/plugins/com.st.stm32cube.ide.mcu.externaltools.gnu-tools-for-stm32.7-2018-q2-update.win32_1.4.0.202007081208/tools/bin/../lib/gcc/arm-none-eabi/7.3.1/../../../../arm-none-eabi/lib/thumb/v6-m\libc_nano.a(lib_a-init.o)
 .debug_frame   0x0000000000001d08       0x20 d:/tools/stm32cubeide_1.4.0/stm32cubeide/plugins/com.st.stm32cube.ide.mcu.externaltools.gnu-tools-for-stm32.7-2018-q2-update.win32_1.4.0.202007081208/tools/bin/../lib/gcc/arm-none-eabi/7.3.1/../../../../arm-none-eabi/lib/thumb/v6-m\libc_nano.a(lib_a-memset.o)
 .debug_frame   0x0000000000001d28       0x20 d:/tools/stm32cubeide_1.4.0/stm32cubeide/plugins/com.st.stm32cube.ide.mcu.externaltools.gnu-tools-for-stm32.7-2018-q2-update.win32_1.4.0.202007081208/tools/bin/../lib/gcc/arm-none-eabi/7.3.1/thumb/v6-m\libgcc.a(_udivsi3.o)
 .debug_frame   0x0000000000001d48       0x20 d:/tools/stm32cubeide_1.4.0/stm32cubeide/plugins/com.st.stm32cube.ide.mcu.externaltools.gnu-tools-for-stm32.7-2018-q2-update.win32_1.4.0.202007081208/tools/bin/../lib/gcc/arm-none-eabi/7.3.1/thumb/v6-m\libgcc.a(_divsi3.o)
 .debug_frame   0x0000000000001d68       0x28 d:/tools/stm32cubeide_1.4.0/stm32cubeide/plugins/com.st.stm32cube.ide.mcu.externaltools.gnu-tools-for-stm32.7-2018-q2-update.win32_1.4.0.202007081208/tools/bin/../lib/gcc/arm-none-eabi/7.3.1/thumb/v6-m\libgcc.a(_fixunssfsi.o)
 .debug_frame   0x0000000000001d90       0x3c d:/tools/stm32cubeide_1.4.0/stm32cubeide/plugins/com.st.stm32cube.ide.mcu.externaltools.gnu-tools-for-stm32.7-2018-q2-update.win32_1.4.0.202007081208/tools/bin/../lib/gcc/arm-none-eabi/7.3.1/thumb/v6-m\libgcc.a(divsf3.o)
 .debug_frame   0x0000000000001dcc       0x2c d:/tools/stm32cubeide_1.4.0/stm32cubeide/plugins/com.st.stm32cube.ide.mcu.externaltools.gnu-tools-for-stm32.7-2018-q2-update.win32_1.4.0.202007081208/tools/bin/../lib/gcc/arm-none-eabi/7.3.1/thumb/v6-m\libgcc.a(eqsf2.o)
 .debug_frame   0x0000000000001df8       0x2c d:/tools/stm32cubeide_1.4.0/stm32cubeide/plugins/com.st.stm32cube.ide.mcu.externaltools.gnu-tools-for-stm32.7-2018-q2-update.win32_1.4.0.202007081208/tools/bin/../lib/gcc/arm-none-eabi/7.3.1/thumb/v6-m\libgcc.a(gesf2.o)
 .debug_frame   0x0000000000001e24       0x2c d:/tools/stm32cubeide_1.4.0/stm32cubeide/plugins/com.st.stm32cube.ide.mcu.externaltools.gnu-tools-for-stm32.7-2018-q2-update.win32_1.4.0.202007081208/tools/bin/../lib/gcc/arm-none-eabi/7.3.1/thumb/v6-m\libgcc.a(lesf2.o)
 .debug_frame   0x0000000000001e50       0x3c d:/tools/stm32cubeide_1.4.0/stm32cubeide/plugins/com.st.stm32cube.ide.mcu.externaltools.gnu-tools-for-stm32.7-2018-q2-update.win32_1.4.0.202007081208/tools/bin/../lib/gcc/arm-none-eabi/7.3.1/thumb/v6-m\libgcc.a(mulsf3.o)
 .debug_frame   0x0000000000001e8c       0x38 d:/tools/stm32cubeide_1.4.0/stm32cubeide/plugins/com.st.stm32cube.ide.mcu.externaltools.gnu-tools-for-stm32.7-2018-q2-update.win32_1.4.0.202007081208/tools/bin/../lib/gcc/arm-none-eabi/7.3.1/thumb/v6-m\libgcc.a(subsf3.o)
 .debug_frame   0x0000000000001ec4       0x20 d:/tools/stm32cubeide_1.4.0/stm32cubeide/plugins/com.st.stm32cube.ide.mcu.externaltools.gnu-tools-for-stm32.7-2018-q2-update.win32_1.4.0.202007081208/tools/bin/../lib/gcc/arm-none-eabi/7.3.1/thumb/v6-m\libgcc.a(fixsfsi.o)
 .debug_frame   0x0000000000001ee4       0x2c d:/tools/stm32cubeide_1.4.0/stm32cubeide/plugins/com.st.stm32cube.ide.mcu.externaltools.gnu-tools-for-stm32.7-2018-q2-update.win32_1.4.0.202007081208/tools/bin/../lib/gcc/arm-none-eabi/7.3.1/thumb/v6-m\libgcc.a(floatsisf.o)
 .debug_frame   0x0000000000001f10       0x2c d:/tools/stm32cubeide_1.4.0/stm32cubeide/plugins/com.st.stm32cube.ide.mcu.externaltools.gnu-tools-for-stm32.7-2018-q2-update.win32_1.4.0.202007081208/tools/bin/../lib/gcc/arm-none-eabi/7.3.1/thumb/v6-m\libgcc.a(floatunsisf.o)
 .debug_frame   0x0000000000001f3c       0x38 d:/tools/stm32cubeide_1.4.0/stm32cubeide/plugins/com.st.stm32cube.ide.mcu.externaltools.gnu-tools-for-stm32.7-2018-q2-update.win32_1.4.0.202007081208/tools/bin/../lib/gcc/arm-none-eabi/7.3.1/thumb/v6-m\libgcc.a(adddf3.o)
 .debug_frame   0x0000000000001f74       0x38 d:/tools/stm32cubeide_1.4.0/stm32cubeide/plugins/com.st.stm32cube.ide.mcu.externaltools.gnu-tools-for-stm32.7-2018-q2-update.win32_1.4.0.202007081208/tools/bin/../lib/gcc/arm-none-eabi/7.3.1/thumb/v6-m\libgcc.a(eqdf2.o)
 .debug_frame   0x0000000000001fac       0x38 d:/tools/stm32cubeide_1.4.0/stm32cubeide/plugins/com.st.stm32cube.ide.mcu.externaltools.gnu-tools-for-stm32.7-2018-q2-update.win32_1.4.0.202007081208/tools/bin/../lib/gcc/arm-none-eabi/7.3.1/thumb/v6-m\libgcc.a(gedf2.o)
 .debug_frame   0x0000000000001fe4       0x38 d:/tools/stm32cubeide_1.4.0/stm32cubeide/plugins/com.st.stm32cube.ide.mcu.externaltools.gnu-tools-for-stm32.7-2018-q2-update.win32_1.4.0.202007081208/tools/bin/../lib/gcc/arm-none-eabi/7.3.1/thumb/v6-m\libgcc.a(ledf2.o)
 .debug_frame   0x000000000000201c       0x3c d:/tools/stm32cubeide_1.4.0/stm32cubeide/plugins/com.st.stm32cube.ide.mcu.externaltools.gnu-tools-for-stm32.7-2018-q2-update.win32_1.4.0.202007081208/tools/bin/../lib/gcc/arm-none-eabi/7.3.1/thumb/v6-m\libgcc.a(muldf3.o)
 .debug_frame   0x0000000000002058       0x2c d:/tools/stm32cubeide_1.4.0/stm32cubeide/plugins/com.st.stm32cube.ide.mcu.externaltools.gnu-tools-for-stm32.7-2018-q2-update.win32_1.4.0.202007081208/tools/bin/../lib/gcc/arm-none-eabi/7.3.1/thumb/v6-m\libgcc.a(fixdfsi.o)
 .debug_frame   0x0000000000002084       0x2c d:/tools/stm32cubeide_1.4.0/stm32cubeide/plugins/com.st.stm32cube.ide.mcu.externaltools.gnu-tools-for-stm32.7-2018-q2-update.win32_1.4.0.202007081208/tools/bin/../lib/gcc/arm-none-eabi/7.3.1/thumb/v6-m\libgcc.a(floatsidf.o)
 .debug_frame   0x00000000000020b0       0x28 d:/tools/stm32cubeide_1.4.0/stm32cubeide/plugins/com.st.stm32cube.ide.mcu.externaltools.gnu-tools-for-stm32.7-2018-q2-update.win32_1.4.0.202007081208/tools/bin/../lib/gcc/arm-none-eabi/7.3.1/thumb/v6-m\libgcc.a(floatunsidf.o)
 .debug_frame   0x00000000000020d8       0x2c d:/tools/stm32cubeide_1.4.0/stm32cubeide/plugins/com.st.stm32cube.ide.mcu.externaltools.gnu-tools-for-stm32.7-2018-q2-update.win32_1.4.0.202007081208/tools/bin/../lib/gcc/arm-none-eabi/7.3.1/thumb/v6-m\libgcc.a(extendsfdf2.o)
 .debug_frame   0x0000000000002104       0x30 d:/tools/stm32cubeide_1.4.0/stm32cubeide/plugins/com.st.stm32cube.ide.mcu.externaltools.gnu-tools-for-stm32.7-2018-q2-update.win32_1.4.0.202007081208/tools/bin/../lib/gcc/arm-none-eabi/7.3.1/thumb/v6-m\libgcc.a(truncdfsf2.o)
