main.c:104:5:main	8	static
main.c:177:6:SystemClock_Config	96	static
main.c:218:13:MX_NVIC_Init	8	static
main.c:239:13:MX_TIM2_Init	48	static
main.c:297:13:MX_TIM21_Init	48	static
main.c:355:13:MX_TIM22_Init	48	static
main.c:422:13:MX_GPIO_Init	48	static
main.c:452:6:OS_10msTask	24	static
main.c:489:6:HAL_TIM_PWM_PulseFinishedCallback	16	static
main.c:524:6:HAL_GPIO_EXTI_Callback	16	static,ignoring_inline_asm
main.c:537:6:HAL_TIM_PeriodElapsedCallback	16	static,ignoring_inline_asm
main.c:548:6:HAL_TIM_IC_CaptureCallback	16	static,ignoring_inline_asm
main.c:613:6:Error_Handler	8	static
